Archive member included to satisfy reference by file (symbol)

c:/siliconlabs/simplicitystudio/v5/developer/toolchains/gnu_arm/7.2_2017q4/bin/../lib/gcc/arm-none-eabi/7.2.1/thumb/v7e-m/fpv4-sp/softfp\libgcc.a(_aeabi_uldivmod.o)
                              ./emlib/em_usart.o (__aeabi_uldivmod)
c:/siliconlabs/simplicitystudio/v5/developer/toolchains/gnu_arm/7.2_2017q4/bin/../lib/gcc/arm-none-eabi/7.2.1/thumb/v7e-m/fpv4-sp/softfp\libgcc.a(_udivmoddi4.o)
                              c:/siliconlabs/simplicitystudio/v5/developer/toolchains/gnu_arm/7.2_2017q4/bin/../lib/gcc/arm-none-eabi/7.2.1/thumb/v7e-m/fpv4-sp/softfp\libgcc.a(_aeabi_uldivmod.o) (__udivmoddi4)
c:/siliconlabs/simplicitystudio/v5/developer/toolchains/gnu_arm/7.2_2017q4/bin/../lib/gcc/arm-none-eabi/7.2.1/thumb/v7e-m/fpv4-sp/softfp\libgcc.a(_dvmd_tls.o)
                              c:/siliconlabs/simplicitystudio/v5/developer/toolchains/gnu_arm/7.2_2017q4/bin/../lib/gcc/arm-none-eabi/7.2.1/thumb/v7e-m/fpv4-sp/softfp\libgcc.a(_aeabi_uldivmod.o) (__aeabi_ldiv0)
c:/siliconlabs/simplicitystudio/v5/developer/toolchains/gnu_arm/7.2_2017q4/bin/../lib/gcc/arm-none-eabi/7.2.1/../../../../arm-none-eabi/lib/thumb/v7e-m/fpv4-sp/softfp\libc_nano.a(lib_a-exit.o)
                              c:/siliconlabs/simplicitystudio/v5/developer/toolchains/gnu_arm/7.2_2017q4/bin/../lib/gcc/arm-none-eabi/7.2.1/../../../../arm-none-eabi/lib/thumb/v7e-m/fpv4-sp/softfp/crt0.o (exit)
c:/siliconlabs/simplicitystudio/v5/developer/toolchains/gnu_arm/7.2_2017q4/bin/../lib/gcc/arm-none-eabi/7.2.1/../../../../arm-none-eabi/lib/thumb/v7e-m/fpv4-sp/softfp\libc_nano.a(lib_a-impure.o)
                              c:/siliconlabs/simplicitystudio/v5/developer/toolchains/gnu_arm/7.2_2017q4/bin/../lib/gcc/arm-none-eabi/7.2.1/../../../../arm-none-eabi/lib/thumb/v7e-m/fpv4-sp/softfp\libc_nano.a(lib_a-exit.o) (_global_impure_ptr)
c:/siliconlabs/simplicitystudio/v5/developer/toolchains/gnu_arm/7.2_2017q4/bin/../lib/gcc/arm-none-eabi/7.2.1/../../../../arm-none-eabi/lib/thumb/v7e-m/fpv4-sp/softfp\libc_nano.a(lib_a-init.o)
                              c:/siliconlabs/simplicitystudio/v5/developer/toolchains/gnu_arm/7.2_2017q4/bin/../lib/gcc/arm-none-eabi/7.2.1/../../../../arm-none-eabi/lib/thumb/v7e-m/fpv4-sp/softfp/crt0.o (__libc_init_array)
c:/siliconlabs/simplicitystudio/v5/developer/toolchains/gnu_arm/7.2_2017q4/bin/../lib/gcc/arm-none-eabi/7.2.1/../../../../arm-none-eabi/lib/thumb/v7e-m/fpv4-sp/softfp\libc_nano.a(lib_a-memcpy-stub.o)
                              ./emlib/em_crypto.o (memcpy)
c:/siliconlabs/simplicitystudio/v5/developer/toolchains/gnu_arm/7.2_2017q4/bin/../lib/gcc/arm-none-eabi/7.2.1/../../../../arm-none-eabi/lib/thumb/v7e-m/fpv4-sp/softfp\libc_nano.a(lib_a-memset.o)
                              c:/siliconlabs/simplicitystudio/v5/developer/toolchains/gnu_arm/7.2_2017q4/bin/../lib/gcc/arm-none-eabi/7.2.1/../../../../arm-none-eabi/lib/thumb/v7e-m/fpv4-sp/softfp/crt0.o (memset)
c:/siliconlabs/simplicitystudio/v5/developer/toolchains/gnu_arm/7.2_2017q4/bin/../lib/gcc/arm-none-eabi/7.2.1/../../../../arm-none-eabi/lib/thumb/v7e-m/fpv4-sp/softfp\libnosys.a(_exit.o)
                              c:/siliconlabs/simplicitystudio/v5/developer/toolchains/gnu_arm/7.2_2017q4/bin/../lib/gcc/arm-none-eabi/7.2.1/../../../../arm-none-eabi/lib/thumb/v7e-m/fpv4-sp/softfp\libc_nano.a(lib_a-exit.o) (_exit)

Discarded input sections

 .text          0x00000000        0x0 c:/siliconlabs/simplicitystudio/v5/developer/toolchains/gnu_arm/7.2_2017q4/bin/../lib/gcc/arm-none-eabi/7.2.1/thumb/v7e-m/fpv4-sp/softfp/crti.o
 .data          0x00000000        0x0 c:/siliconlabs/simplicitystudio/v5/developer/toolchains/gnu_arm/7.2_2017q4/bin/../lib/gcc/arm-none-eabi/7.2.1/thumb/v7e-m/fpv4-sp/softfp/crti.o
 .bss           0x00000000        0x0 c:/siliconlabs/simplicitystudio/v5/developer/toolchains/gnu_arm/7.2_2017q4/bin/../lib/gcc/arm-none-eabi/7.2.1/thumb/v7e-m/fpv4-sp/softfp/crti.o
 .data          0x00000000        0x4 c:/siliconlabs/simplicitystudio/v5/developer/toolchains/gnu_arm/7.2_2017q4/bin/../lib/gcc/arm-none-eabi/7.2.1/thumb/v7e-m/fpv4-sp/softfp/crtbegin.o
 .data          0x00000000        0x0 c:/siliconlabs/simplicitystudio/v5/developer/toolchains/gnu_arm/7.2_2017q4/bin/../lib/gcc/arm-none-eabi/7.2.1/../../../../arm-none-eabi/lib/thumb/v7e-m/fpv4-sp/softfp/crt0.o
 .bss           0x00000000        0x0 c:/siliconlabs/simplicitystudio/v5/developer/toolchains/gnu_arm/7.2_2017q4/bin/../lib/gcc/arm-none-eabi/7.2.1/../../../../arm-none-eabi/lib/thumb/v7e-m/fpv4-sp/softfp/crt0.o
 .ARM.extab     0x00000000        0x0 c:/siliconlabs/simplicitystudio/v5/developer/toolchains/gnu_arm/7.2_2017q4/bin/../lib/gcc/arm-none-eabi/7.2.1/../../../../arm-none-eabi/lib/thumb/v7e-m/fpv4-sp/softfp/crt0.o
 .data          0x00000000        0x0 ./CMSIS/EFM32PG12B/startup_gcc_efm32pg12b.o
 .bss           0x00000000        0x0 ./CMSIS/EFM32PG12B/startup_gcc_efm32pg12b.o
[...]
Memory Configuration

Name             Origin             Length             Attributes
FLASH            0x00000000         0x00100000         xr
RAM              0x20000000         0x00040000         xrw
*default*        0x00000000         0xffffffff

Linker script and memory map

LOAD c:/siliconlabs/simplicitystudio/v5/developer/toolchains/gnu_arm/7.2_2017q4/bin/../lib/gcc/arm-none-eabi/7.2.1/thumb/v7e-m/fpv4-sp/softfp/crti.o
LOAD c:/siliconlabs/simplicitystudio/v5/developer/toolchains/gnu_arm/7.2_2017q4/bin/../lib/gcc/arm-none-eabi/7.2.1/thumb/v7e-m/fpv4-sp/softfp/crtbegin.o
LOAD c:/siliconlabs/simplicitystudio/v5/developer/toolchains/gnu_arm/7.2_2017q4/bin/../lib/gcc/arm-none-eabi/7.2.1/../../../../arm-none-eabi/lib/thumb/v7e-m/fpv4-sp/softfp/crt0.o
LOAD ./CMSIS/EFM32PG12B/startup_gcc_efm32pg12b.o
LOAD ./CMSIS/EFM32PG12B/system_efm32pg12b.o
LOAD ./emlib/em_acmp.o
LOAD ./emlib/em_adc.o
LOAD ./emlib/em_aes.o
LOAD ./emlib/em_assert.o
LOAD ./emlib/em_burtc.o
LOAD ./emlib/em_can.o
LOAD ./emlib/em_cmu.o
LOAD ./emlib/em_cmu_fpga.o
LOAD ./emlib/em_core.o
LOAD ./emlib/em_cryotimer.o
LOAD ./emlib/em_crypto.o
LOAD ./emlib/em_csen.o
LOAD ./emlib/em_dac.o
LOAD ./emlib/em_dbg.o
LOAD ./emlib/em_dma.o
LOAD ./emlib/em_ebi.o
LOAD ./emlib/em_emu.o
LOAD ./emlib/em_eusart.o
LOAD ./emlib/em_gpcrc.o
LOAD ./emlib/em_gpio.o
LOAD ./emlib/em_i2c.o
LOAD ./emlib/em_iadc.o
LOAD ./emlib/em_idac.o
LOAD ./emlib/em_lcd.o
LOAD ./emlib/em_ldma.o
LOAD ./emlib/em_lesense.o
LOAD ./emlib/em_letimer.o
LOAD ./emlib/em_leuart.o
LOAD ./emlib/em_msc.o
LOAD ./emlib/em_opamp.o
LOAD ./emlib/em_pcnt.o
LOAD ./emlib/em_pdm.o
LOAD ./emlib/em_prs.o
LOAD ./emlib/em_qspi.o
LOAD ./emlib/em_rmu.o
LOAD ./emlib/em_rtc.o
LOAD ./emlib/em_rtcc.o
LOAD ./emlib/em_se.o
LOAD ./emlib/em_system.o
LOAD ./emlib/em_timer.o
LOAD ./emlib/em_usart.o
LOAD ./emlib/em_vcmp.o
LOAD ./emlib/em_vdac.o
LOAD ./emlib/em_wdog.o
LOAD ./src/Source_Files/HW_delay.o
LOAD ./src/Source_Files/Si7021.o
LOAD ./src/Source_Files/app.o
LOAD ./src/Source_Files/cmu.o
LOAD ./src/Source_Files/gpio.o
LOAD ./src/Source_Files/i2c.o
LOAD ./src/Source_Files/letimer.o
LOAD ./src/Source_Files/scheduler.o
LOAD ./src/Source_Files/shtc3.o
LOAD ./src/Source_Files/sleep_routines.o
LOAD ./src/main.o
START GROUP
LOAD c:/siliconlabs/simplicitystudio/v5/developer/toolchains/gnu_arm/7.2_2017q4/bin/../lib/gcc/arm-none-eabi/7.2.1/thumb/v7e-m/fpv4-sp/softfp\libgcc.a
LOAD c:/siliconlabs/simplicitystudio/v5/developer/toolchains/gnu_arm/7.2_2017q4/bin/../lib/gcc/arm-none-eabi/7.2.1/../../../../arm-none-eabi/lib/thumb/v7e-m/fpv4-sp/softfp\libc_nano.a
LOAD c:/siliconlabs/simplicitystudio/v5/developer/toolchains/gnu_arm/7.2_2017q4/bin/../lib/gcc/arm-none-eabi/7.2.1/../../../../arm-none-eabi/lib/thumb/v7e-m/fpv4-sp/softfp\libnosys.a
END GROUP
START GROUP
LOAD c:/siliconlabs/simplicitystudio/v5/developer/toolchains/gnu_arm/7.2_2017q4/bin/../lib/gcc/arm-none-eabi/7.2.1/thumb/v7e-m/fpv4-sp/softfp\libgcc.a
LOAD c:/siliconlabs/simplicitystudio/v5/developer/toolchains/gnu_arm/7.2_2017q4/bin/../lib/gcc/arm-none-eabi/7.2.1/../../../../arm-none-eabi/lib/thumb/v7e-m/fpv4-sp/softfp\libg_nano.a
LOAD c:/siliconlabs/simplicitystudio/v5/developer/toolchains/gnu_arm/7.2_2017q4/bin/../lib/gcc/arm-none-eabi/7.2.1/../../../../arm-none-eabi/lib/thumb/v7e-m/fpv4-sp/softfp\libc_nano.a
END GROUP
START GROUP
LOAD c:/siliconlabs/simplicitystudio/v5/developer/toolchains/gnu_arm/7.2_2017q4/bin/../lib/gcc/arm-none-eabi/7.2.1/thumb/v7e-m/fpv4-sp/softfp\libgcc.a
LOAD c:/siliconlabs/simplicitystudio/v5/developer/toolchains/gnu_arm/7.2_2017q4/bin/../lib/gcc/arm-none-eabi/7.2.1/../../../../arm-none-eabi/lib/thumb/v7e-m/fpv4-sp/softfp\libc_nano.a
END GROUP
LOAD c:/siliconlabs/simplicitystudio/v5/developer/toolchains/gnu_arm/7.2_2017q4/bin/../lib/gcc/arm-none-eabi/7.2.1/thumb/v7e-m/fpv4-sp/softfp/crtend.o
LOAD c:/siliconlabs/simplicitystudio/v5/developer/toolchains/gnu_arm/7.2_2017q4/bin/../lib/gcc/arm-none-eabi/7.2.1/thumb/v7e-m/fpv4-sp/softfp/crtn.o

.text           0x00000000     0x5448
 *(.vectors)
 .vectors       0x00000000      0x10c ./CMSIS/EFM32PG12B/startup_gcc_efm32pg12b.o
                0x00000000                __Vectors
                0x0000010c                __Vectors_End = .
                0x0000010c                __Vectors_Size = (__Vectors_End - __Vectors)
                0x0000010c                __end__ = .
 *(.text*)
 .text          0x0000010c       0x40 c:/siliconlabs/simplicitystudio/v5/developer/toolchains/gnu_arm/7.2_2017q4/bin/../lib/gcc/arm-none-eabi/7.2.1/thumb/v7e-m/fpv4-sp/softfp/crtbegin.o
 .text          0x0000014c       0x74 c:/siliconlabs/simplicitystudio/v5/developer/toolchains/gnu_arm/7.2_2017q4/bin/../lib/gcc/arm-none-eabi/7.2.1/../../../../arm-none-eabi/lib/thumb/v7e-m/fpv4-sp/softfp/crt0.o
                0x0000014c                _start
                0x0000014c                _mainCRTStartup
 .text          0x000001c0       0x30 ./CMSIS/EFM32PG12B/startup_gcc_efm32pg12b.o
                0x000001c0                Reset_Handler
                0x000001ec                USART0_TX_IRQHandler
                0x000001ec                HardFault_Handler
                0x000001ec                SysTick_Handler
                0x000001ec                USART1_RX_IRQHandler
                0x000001ec                PendSV_Handler
                0x000001ec                NMI_Handler
                0x000001ec                WTIMER0_IRQHandler
                0x000001ec                CRYPTO0_IRQHandler
                0x000001ec                WDOG0_IRQHandler
                0x000001ec                USART1_TX_IRQHandler
                0x000001ec                SMU_IRQHandler
                0x000001ec                MSC_IRQHandler
                0x000001ec                ADC0_IRQHandler
                0x000001ec                UsageFault_Handler
                0x000001ec                WDOG1_IRQHandler
                0x000001ec                LEUART0_IRQHandler
                0x000001ec                FPUEH_IRQHandler
                0x000001ec                WTIMER1_IRQHandler
                0x000001ec                VDAC0_IRQHandler
                0x000001ec                LDMA_IRQHandler
                0x000001ec                CSEN_IRQHandler
                0x000001ec                CRYPTO1_IRQHandler
                0x000001ec                TIMER0_IRQHandler
                0x000001ec                DebugMon_Handler
                0x000001ec                PCNT2_IRQHandler
                0x000001ec                TIMER1_IRQHandler
                0x000001ec                TRNG0_IRQHandler
                0x000001ec                USART2_RX_IRQHandler
                0x000001ec                Default_Handler
                0x000001ec                EMU_IRQHandler
                0x000001ec                CRYOTIMER_IRQHandler
                0x000001ec                PCNT0_IRQHandler
                0x000001ec                sl_app_properties
                0x000001ec                PCNT1_IRQHandler
                0x000001ec                ACMP0_IRQHandler
                0x000001ec                USART0_RX_IRQHandler
                0x000001ec                MemManage_Handler
                0x000001ec                SVC_Handler
                0x000001ec                USART3_RX_IRQHandler
                0x000001ec                RTCC_IRQHandler
                0x000001ec                CMU_IRQHandler
                0x000001ec                LESENSE_IRQHandler
                0x000001ec                USART3_TX_IRQHandler
                0x000001ec                BusFault_Handler
                0x000001ec                USART2_TX_IRQHandler
                0x000001ec                IDAC0_IRQHandler
 .text.SystemCoreClockGet
                0x000001f0       0x40 ./CMSIS/EFM32PG12B/system_efm32pg12b.o
                0x000001f0                SystemCoreClockGet
 .text.SystemMaxCoreClockGet
                0x00000230       0x14 ./CMSIS/EFM32PG12B/system_efm32pg12b.o
                0x00000230                SystemMaxCoreClockGet
 .text.SystemHFClockGet
                0x00000244       0x88 ./CMSIS/EFM32PG12B/system_efm32pg12b.o
                0x00000244                SystemHFClockGet
 .text.SystemHFXOClockGet
                0x000002cc       0x18 ./CMSIS/EFM32PG12B/system_efm32pg12b.o
                0x000002cc                SystemHFXOClockGet
 .text.SystemInit
                0x000002e4       0x2c ./CMSIS/EFM32PG12B/system_efm32pg12b.o
                0x000002e4                SystemInit
 .text.SystemLFRCOClockGet
                0x00000310       0x12 ./CMSIS/EFM32PG12B/system_efm32pg12b.o
                0x00000310                SystemLFRCOClockGet
 .text.SystemULFRCOClockGet
                0x00000322       0x12 ./CMSIS/EFM32PG12B/system_efm32pg12b.o
                0x00000322                SystemULFRCOClockGet
 .text.SystemLFXOClockGet
                0x00000334       0x18 ./CMSIS/EFM32PG12B/system_efm32pg12b.o
                0x00000334                SystemLFXOClockGet
 .text.assertEFM
                0x0000034c        0xc ./emlib/em_assert.o
                0x0000034c                assertEFM
 .text.SL_Log2ToDiv
                0x00000358       0x2c ./emlib/em_cmu.o
 .text.BUS_RegBitWrite
                0x00000384       0x3c ./emlib/em_cmu.o
 .text.BUS_RegBitRead
                0x000003c0       0x2a ./emlib/em_cmu.o
 *fill*         0x000003ea        0x2 
 .text.EMU_LDOStatusGet
                0x000003ec       0x24 ./emlib/em_cmu.o
 .text.EMU_VScaleWait
                0x00000410       0x30 ./emlib/em_cmu.o
 .text.EMU_VScaleGet
                0x00000440       0x1c ./emlib/em_cmu.o
 .text.setHfLeConfig
                0x0000045c       0x64 ./emlib/em_cmu.o
 .text.auxClkGet
                0x000004c0       0x20 ./emlib/em_cmu.o
 .text.hfSrcClkGet
                0x000004e0       0x2c ./emlib/em_cmu.o
 .text.dbgClkGet
                0x0000050c       0x4c ./emlib/em_cmu.o
 .text.adcAsyncClkGet
                0x00000558       0x98 ./emlib/em_cmu.o
 .text.flashWaitStateControl
                0x000005f0       0x98 ./emlib/em_cmu.o
 .text.flashWaitStateMax
                0x00000688       0x44 ./emlib/em_cmu.o
 .text.CMU_UpdateWaitStates
                0x000006cc       0x40 ./emlib/em_cmu.o
                0x000006cc                CMU_UpdateWaitStates
 .text.getRegIshUpperVal
                0x0000070c       0x36 ./emlib/em_cmu.o
 *fill*         0x00000742        0x2 
 .text.getHfxoTuningMode
                0x00000744       0x1c ./emlib/em_cmu.o
 .text.setHfxoTuningMode
                0x00000760       0x2c ./emlib/em_cmu.o
 .text.lfClkGet
                0x0000078c      0x114 ./emlib/em_cmu.o
 .text.syncReg  0x000008a0       0x38 ./emlib/em_cmu.o
 .text.hfperClkSafePrescaler
                0x000008d8        0xe ./emlib/em_cmu.o
 .text.hfperClkOptimizedPrescaler
                0x000008e6        0xe ./emlib/em_cmu.o
 .text.CMU_ClockDivGet
                0x000008f4       0x1a ./emlib/em_cmu.o
                0x000008f4                CMU_ClockDivGet
 *fill*         0x0000090e        0x2 
 .text.CMU_ClockEnable
                0x00000910       0xd8 ./emlib/em_cmu.o
                0x00000910                CMU_ClockEnable
 .text.CMU_ClockFreqGet
                0x000009e8      0x240 ./emlib/em_cmu.o
                0x000009e8                CMU_ClockFreqGet
 .text.CMU_ClockPrescGet
                0x00000c28      0x1c0 ./emlib/em_cmu.o
                0x00000c28                CMU_ClockPrescGet
 .text.CMU_ClockSelectGet
                0x00000de8      0x1c8 ./emlib/em_cmu.o
                0x00000de8                CMU_ClockSelectGet
 .text.CMU_ClockSelectSet
                0x00000fb0      0x348 ./emlib/em_cmu.o
                0x00000fb0                CMU_ClockSelectSet
 .text.CMU_HFRCODevinfoGet
                0x000012f8       0xdc ./emlib/em_cmu.o
 .text.CMU_HFRCOBandGet
                0x000013d4       0x18 ./emlib/em_cmu.o
                0x000013d4                CMU_HFRCOBandGet
 .text.CMU_HFRCOBandSet
                0x000013ec      0x178 ./emlib/em_cmu.o
                0x000013ec                CMU_HFRCOBandSet
 .text.CMU_HFXOInit
                0x00001564      0x104 ./emlib/em_cmu.o
                0x00001564                CMU_HFXOInit
 .text.CMU_OscillatorEnable
                0x00001668      0x1bc ./emlib/em_cmu.o
                0x00001668                CMU_OscillatorEnable
 .text.CMU_OscillatorTuningGet
                0x00001824       0x7c ./emlib/em_cmu.o
                0x00001824                CMU_OscillatorTuningGet
 .text.CMU_OscillatorTuningSet
                0x000018a0      0x154 ./emlib/em_cmu.o
                0x000018a0                CMU_OscillatorTuningSet
 .text.CMU_OscillatorTuningWait
                0x000019f4       0xb4 ./emlib/em_cmu.o
                0x000019f4                CMU_OscillatorTuningWait
 .text.CMU_OscillatorTuningOptimize
                0x00001aa8       0x64 ./emlib/em_cmu.o
                0x00001aa8                CMU_OscillatorTuningOptimize
 .text.CORE_EnterCritical
                0x00001b0c       0x20 ./emlib/em_core.o
                0x00001b0c                CORE_EnterCritical
 .text.CORE_ExitCritical
                0x00001b2c       0x1c ./emlib/em_core.o
                0x00001b2c                CORE_ExitCritical
 .text.SystemCoreClockUpdate
                0x00001b48        0xc ./emlib/em_emu.o
 .text.BUS_RegBitWrite
                0x00001b54       0x3c ./emlib/em_emu.o
 .text.BUS_RegBitRead
                0x00001b90       0x2a ./emlib/em_emu.o
 *fill*         0x00001bba        0x2 
 .text.EMU_LDOStatusGet
                0x00001bbc       0x24 ./emlib/em_emu.o
 .text.EMU_VScaleWait
                0x00001be0       0x30 ./emlib/em_emu.o
 .text.EMU_VScaleGet
                0x00001c10       0x1c ./emlib/em_emu.o
 .text.EMU_IntClear
                0x00001c2c       0x20 ./emlib/em_emu.o
 .text.EMU_IntGet
                0x00001c4c       0x18 ./emlib/em_emu.o
 .text.EMU_PowerLock
                0x00001c64       0x18 ./emlib/em_emu.o
 .text.EMU_PowerUnlock
                0x00001c7c       0x1c ./emlib/em_emu.o
 .text.CMU_Lock
                0x00001c98       0x1c ./emlib/em_emu.o
 .text.CMU_Unlock
                0x00001cb4       0x1c ./emlib/em_emu.o
 .text.vScaleEM01Cmd
                0x00001cd0       0x22 ./emlib/em_emu.o
 *fill*         0x00001cf2        0x2 
 .text.emState  0x00001cf4      0x158 ./emlib/em_emu.o
 .text.vScaleDownEM23Setup
                0x00001e4c       0x64 ./emlib/em_emu.o
 .text.vScaleAfterWakeup
                0x00001eb0       0x48 ./emlib/em_emu.o
 .text.EMU_EM23PresleepHook
                0x00001ef8        0xe ./emlib/em_emu.o
                0x00001ef8                EMU_EM23PresleepHook
 .text.EMU_EM23PostsleepHook
                0x00001f06        0xe ./emlib/em_emu.o
                0x00001f06                EMU_EM23PostsleepHook
 .text.EMU_EnterEM2
                0x00001f14       0x90 ./emlib/em_emu.o
                0x00001f14                EMU_EnterEM2
 .text.EMU_EnterEM3
                0x00001fa4       0xb8 ./emlib/em_emu.o
                0x00001fa4                EMU_EnterEM3
 .text.EMU_VScaleEM01ByClock
                0x0000205c       0x84 ./emlib/em_emu.o
                0x0000205c                EMU_VScaleEM01ByClock
 .text.EMU_VScaleEM01
                0x000020e0       0xb4 ./emlib/em_emu.o
                0x000020e0                EMU_VScaleEM01
 .text.EMU_EM23Init
                0x00002194       0x50 ./emlib/em_emu.o
                0x00002194                EMU_EM23Init
 .text.dcdcConstCalibrationLoad
                0x000021e4       0x10 ./emlib/em_emu.o
 .text.dcdcValidatedConfigSet
                0x000021f4       0x40 ./emlib/em_emu.o
 .text.currentLimitersUpdate
                0x00002234      0x124 ./emlib/em_emu.o
 .text.userCurrentLimitsSet
                0x00002358       0x30 ./emlib/em_emu.o
 .text.compCtrlSet
                0x00002388       0x4c ./emlib/em_emu.o
 .text.lpCmpHystCalibrationLoad
                0x000023d4       0xec ./emlib/em_emu.o
 .text.lpGetDevinfoVrefLowHigh
                0x000024c0      0x164 ./emlib/em_emu.o
 .text.EMU_DCDCModeSet
                0x00002624      0x10c ./emlib/em_emu.o
                0x00002624                EMU_DCDCModeSet
 .text.EMU_DCDCInit
                0x00002730      0x1c8 ./emlib/em_emu.o
                0x00002730                EMU_DCDCInit
 .text.EMU_DCDCOutputVoltageSet
                0x000028f8      0x2d8 ./emlib/em_emu.o
                0x000028f8                EMU_DCDCOutputVoltageSet
 .text.EMU_DCDCOptimizeSlice
                0x00002bd0       0xe8 ./emlib/em_emu.o
                0x00002bd0                EMU_DCDCOptimizeSlice
 .text.EMU_DCDCLnRcoBandSet
                0x00002cb8       0x64 ./emlib/em_emu.o
                0x00002cb8                EMU_DCDCLnRcoBandSet
 .text.BUS_RegBitWrite
                0x00002d1c       0x3c ./emlib/em_gpio.o
 .text.BUS_RegMaskedSet
                0x00002d58       0x24 ./emlib/em_gpio.o
 .text.BUS_RegMaskedClear
                0x00002d7c       0x24 ./emlib/em_gpio.o
 .text.BUS_RegMaskedWrite
                0x00002da0       0x36 ./emlib/em_gpio.o
 *fill*         0x00002dd6        0x2 
 .text.GPIO_IntClear
                0x00002dd8       0x20 ./emlib/em_gpio.o
 .text.GPIO_PinOutClear
                0x00002df8       0xd0 ./emlib/em_gpio.o
 .text.GPIO_PinOutSet
                0x00002ec8       0xd0 ./emlib/em_gpio.o
 .text.GPIO_DriveStrengthSet
                0x00002f98       0x8c ./emlib/em_gpio.o
                0x00002f98                GPIO_DriveStrengthSet
 .text.GPIO_ExtIntConfig
                0x00003024      0x1ac ./emlib/em_gpio.o
                0x00003024                GPIO_ExtIntConfig
 .text.GPIO_PinModeSet
                0x000031d0      0x18c ./emlib/em_gpio.o
                0x000031d0                GPIO_PinModeSet
 .text.I2C_IntClear
                0x0000335c       0x1c ./emlib/em_i2c.o
 .text.BUS_RegBitWrite
                0x00003378       0x3c ./emlib/em_i2c.o
 .text.BUS_RegMaskedWrite
                0x000033b4       0x36 ./emlib/em_i2c.o
 *fill*         0x000033ea        0x2 
 .text.I2C_BusFreqSet
                0x000033ec      0x198 ./emlib/em_i2c.o
                0x000033ec                I2C_BusFreqSet
 .text.I2C_Enable
                0x00003584       0x48 ./emlib/em_i2c.o
                0x00003584                I2C_Enable
 .text.I2C_Init
                0x000035cc       0x7c ./emlib/em_i2c.o
                0x000035cc                I2C_Init
 .text.regSync  0x00003648       0x24 ./emlib/em_letimer.o
 .text.LETIMER_Enable
                0x0000366c       0x4c ./emlib/em_letimer.o
                0x0000366c                LETIMER_Enable
 .text.LETIMER_Init
                0x000036b8      0x110 ./emlib/em_letimer.o
                0x000036b8                LETIMER_Init
 .text.TIMER_Valid
                0x000037c8       0x50 ./emlib/em_timer.o
 .text.TIMER_Init
                0x00003818       0xfc ./emlib/em_timer.o
                0x00003818                TIMER_Init
 .text.TIMER_Valid
                0x00003914       0x50 ./src/Source_Files/HW_delay.o
 .text.TIMER_Enable
                0x00003964       0x44 ./src/Source_Files/HW_delay.o
 .text.timer_delay
                0x000039a8       0xa0 ./src/Source_Files/HW_delay.o
                0x000039a8                timer_delay
 .text.si7021_i2c_open
                0x00003a48       0x4c ./src/Source_Files/Si7021.o
                0x00003a48                si7021_i2c_open
 .text.si7021_read
                0x00003a94       0x5c ./src/Source_Files/Si7021.o
                0x00003a94                si7021_read
 .text.si7021_read_convert
                0x00003af0       0x34 ./src/Source_Files/Si7021.o
                0x00003af0                si7021_read_convert
 .text.si7021_read_convert_temp
                0x00003b24       0x34 ./src/Source_Files/Si7021.o
                0x00003b24                si7021_read_convert_temp
 .text.BUS_RegMaskedSet
                0x00003b58       0x24 ./src/Source_Files/app.o
 .text.BUS_RegMaskedClear
                0x00003b7c       0x24 ./src/Source_Files/app.o
 .text.GPIO_PinOutClear
                0x00003ba0       0xd0 ./src/Source_Files/app.o
 .text.GPIO_PinOutSet
                0x00003c70       0xd0 ./src/Source_Files/app.o
 .text.app_peripheral_setup
                0x00003d40       0x44 ./src/Source_Files/app.o
                0x00003d40                app_peripheral_setup
 .text.app_letimer_pwm_open
                0x00003d84       0x64 ./src/Source_Files/app.o
 .text.scheduled_letimer0_uf_cb
                0x00003de8       0x14 ./src/Source_Files/app.o
                0x00003de8                scheduled_letimer0_uf_cb
 .text.scheduled_letimer0_comp1_cb
                0x00003dfc       0x24 ./src/Source_Files/app.o
                0x00003dfc                scheduled_letimer0_comp1_cb
 .text.scheduled_letimer0_comp0_cb
                0x00003e20       0x24 ./src/Source_Files/app.o
                0x00003e20                scheduled_letimer0_comp0_cb
 .text.scheduled_si7021_read_cb
                0x00003e44       0x4c ./src/Source_Files/app.o
                0x00003e44                scheduled_si7021_read_cb
 .text.scheduled_shtc3_read_cb
                0x00003e90       0x4c ./src/Source_Files/app.o
                0x00003e90                scheduled_shtc3_read_cb
 .text.cmu_open
                0x00003edc       0x40 ./src/Source_Files/cmu.o
                0x00003edc                cmu_open
 .text.__NVIC_EnableIRQ
                0x00003f1c       0x3c ./src/Source_Files/gpio.o
 .text.gpio_open
                0x00003f58       0xe8 ./src/Source_Files/gpio.o
                0x00003f58                gpio_open
 .text.GPIO_ODD_IRQHandler
                0x00004040       0x38 ./src/Source_Files/gpio.o
                0x00004040                GPIO_ODD_IRQHandler
 .text.GPIO_EVEN_IRQHandler
                0x00004078       0x38 ./src/Source_Files/gpio.o
                0x00004078                GPIO_EVEN_IRQHandler
 .text.__NVIC_EnableIRQ
                0x000040b0       0x3c ./src/Source_Files/i2c.o
 .text.i2c_open
                0x000040ec      0x10c ./src/Source_Files/i2c.o
                0x000040ec                i2c_open
 .text.i2c_bus_reset
                0x000041f8       0x64 ./src/Source_Files/i2c.o
 .text.i2c_start
                0x0000425c      0x114 ./src/Source_Files/i2c.o
                0x0000425c                i2c_start
 .text.I2C0_IRQHandler
                0x00004370       0x68 ./src/Source_Files/i2c.o
                0x00004370                I2C0_IRQHandler
 .text.I2C1_IRQHandler
                0x000043d8       0x68 ./src/Source_Files/i2c.o
                0x000043d8                I2C1_IRQHandler
 .text.i2c_ack  0x00004440      0x108 ./src/Source_Files/i2c.o
 .text.i2c_nack
                0x00004548       0x44 ./src/Source_Files/i2c.o
 .text.i2c_rxstate
                0x0000458c       0x80 ./src/Source_Files/i2c.o
 .text.i2c_mstop
                0x0000460c       0x48 ./src/Source_Files/i2c.o
 .text.__NVIC_EnableIRQ
                0x00004654       0x3c ./src/Source_Files/letimer.o
 .text.letimer_pwm_open
                0x00004690      0x1a8 ./src/Source_Files/letimer.o
                0x00004690                letimer_pwm_open
 .text.LETIMER0_IRQHandler
                0x00004838       0xac ./src/Source_Files/letimer.o
                0x00004838                LETIMER0_IRQHandler
 .text.letimer_start
                0x000048e4       0x68 ./src/Source_Files/letimer.o
                0x000048e4                letimer_start
 .text.scheduler_open
                0x0000494c       0x24 ./src/Source_Files/scheduler.o
                0x0000494c                scheduler_open
 .text.add_scheduled_event
                0x00004970       0x2c ./src/Source_Files/scheduler.o
                0x00004970                add_scheduled_event
 .text.remove_scheduled_event
                0x0000499c       0x30 ./src/Source_Files/scheduler.o
                0x0000499c                remove_scheduled_event
 .text.get_scheduled_events
                0x000049cc       0x18 ./src/Source_Files/scheduler.o
                0x000049cc                get_scheduled_events
 .text.shtc3_open
                0x000049e4       0x48 ./src/Source_Files/shtc3.o
                0x000049e4                shtc3_open
 .text.shtc3_read
                0x00004a2c       0xcc ./src/Source_Files/shtc3.o
                0x00004a2c                shtc3_read
 .text.sh_hum_convert
                0x00004af8       0x2c ./src/Source_Files/shtc3.o
                0x00004af8                sh_hum_convert
 .text.sh_temp_convert
                0x00004b24       0x34 ./src/Source_Files/shtc3.o
                0x00004b24                sh_temp_convert
 .text.EMU_EnterEM1
                0x00004b58       0x20 ./src/Source_Files/sleep_routines.o
 .text.sleep_open
                0x00004b78       0x3c ./src/Source_Files/sleep_routines.o
                0x00004b78                sleep_open
 .text.sleep_block_mode
                0x00004bb4       0x4c ./src/Source_Files/sleep_routines.o
                0x00004bb4                sleep_block_mode
 .text.sleep_unblock_mode
                0x00004c00       0x4c ./src/Source_Files/sleep_routines.o
                0x00004c00                sleep_unblock_mode
 .text.enter_sleep
                0x00004c4c       0x54 ./src/Source_Files/sleep_routines.o
                0x00004c4c                enter_sleep
 .text.SYSTEM_GetProdRev
                0x00004ca0       0x1c ./src/main.o
 .text.CHIP_Init
                0x00004cbc       0x84 ./src/main.o
 .text.main     0x00004d40      0x118 ./src/main.o
                0x00004d40                main
 .text.exit     0x00004e58       0x28 c:/siliconlabs/simplicitystudio/v5/developer/toolchains/gnu_arm/7.2_2017q4/bin/../lib/gcc/arm-none-eabi/7.2.1/../../../../arm-none-eabi/lib/thumb/v7e-m/fpv4-sp/softfp\libc_nano.a(lib_a-exit.o)
                0x00004e58                exit
 .text.__libc_init_array
                0x00004e80       0x48 c:/siliconlabs/simplicitystudio/v5/developer/toolchains/gnu_arm/7.2_2017q4/bin/../lib/gcc/arm-none-eabi/7.2.1/../../../../arm-none-eabi/lib/thumb/v7e-m/fpv4-sp/softfp\libc_nano.a(lib_a-init.o)
                0x00004e80                __libc_init_array
 .text.memset   0x00004ec8       0x10 c:/siliconlabs/simplicitystudio/v5/developer/toolchains/gnu_arm/7.2_2017q4/bin/../lib/gcc/arm-none-eabi/7.2.1/../../../../arm-none-eabi/lib/thumb/v7e-m/fpv4-sp/softfp\libc_nano.a(lib_a-memset.o)
                0x00004ec8                memset
 .text._exit    0x00004ed8        0x4 c:/siliconlabs/simplicitystudio/v5/developer/toolchains/gnu_arm/7.2_2017q4/bin/../lib/gcc/arm-none-eabi/7.2.1/../../../../arm-none-eabi/lib/thumb/v7e-m/fpv4-sp/softfp\libnosys.a(_exit.o)
                0x00004ed8                _exit
 *(.init)
 .init          0x00004edc        0x4 c:/siliconlabs/simplicitystudio/v5/developer/toolchains/gnu_arm/7.2_2017q4/bin/../lib/gcc/arm-none-eabi/7.2.1/thumb/v7e-m/fpv4-sp/softfp/crti.o
                0x00004edc                _init
 .init          0x00004ee0        0x8 c:/siliconlabs/simplicitystudio/v5/developer/toolchains/gnu_arm/7.2_2017q4/bin/../lib/gcc/arm-none-eabi/7.2.1/thumb/v7e-m/fpv4-sp/softfp/crtn.o
 *(.fini)
 .fini          0x00004ee8        0x4 c:/siliconlabs/simplicitystudio/v5/developer/toolchains/gnu_arm/7.2_2017q4/bin/../lib/gcc/arm-none-eabi/7.2.1/thumb/v7e-m/fpv4-sp/softfp/crti.o
                0x00004ee8                _fini
 .fini          0x00004eec        0x8 c:/siliconlabs/simplicitystudio/v5/developer/toolchains/gnu_arm/7.2_2017q4/bin/../lib/gcc/arm-none-eabi/7.2.1/thumb/v7e-m/fpv4-sp/softfp/crtn.o
 *fill*         0x00004ef4        0x4 
 .fini.__stub   0x00004ef8        0x8 linker stubs
 *crtbegin.o(.ctors)
 *crtbegin?.o(.ctors)
 *(EXCLUDE_FILE(*crtend.o *crtend?.o) .ctors)
 *(SORT_BY_NAME(.ctors.*))
 *(.ctors)
 *crtbegin.o(.dtors)
 *crtbegin?.o(.dtors)
 *(EXCLUDE_FILE(*crtend.o *crtend?.o) .dtors)
 *(SORT_BY_NAME(.dtors.*))
 *(.dtors)
 *(.rodata*)
 .rodata        0x00004f00      0x142 ./emlib/em_cmu.o
 *fill*         0x00005042        0x2 
 .rodata.flashWsTable
                0x00005044       0x28 ./emlib/em_cmu.o
 .rodata        0x0000506c       0x76 ./emlib/em_emu.o
 *fill*         0x000050e2        0x2 
 .rodata        0x000050e4       0xdb ./emlib/em_gpio.o
 *fill*         0x000051bf        0x1 
 .rodata        0x000051c0       0x76 ./emlib/em_i2c.o
 *fill*         0x00005236        0x2 
 .rodata.i2cNSum
                0x00005238        0x4 ./emlib/em_i2c.o
 .rodata        0x0000523c       0x16 ./emlib/em_letimer.o
 *fill*         0x00005252        0x2 
 .rodata        0x00005254       0x7c ./emlib/em_timer.o
 .rodata        0x000052d0       0x65 ./src/Source_Files/HW_delay.o
 *fill*         0x00005335        0x3 
 .rodata        0x00005338       0x7e ./src/Source_Files/app.o
 *fill*         0x000053b6        0x2 
 .rodata        0x000053b8       0x1a ./src/Source_Files/i2c.o
 *fill*         0x000053d2        0x2 
 .rodata        0x000053d4       0x1e ./src/Source_Files/letimer.o
 *fill*         0x000053f2        0x2 
 .rodata        0x000053f4       0x25 ./src/Source_Files/sleep_routines.o
 *fill*         0x00005419        0x3 
 .rodata        0x0000541c       0x22 ./src/main.o
 *fill*         0x0000543e        0x2 
 .rodata._global_impure_ptr
                0x00005440        0x4 c:/siliconlabs/simplicitystudio/v5/developer/toolchains/gnu_arm/7.2_2017q4/bin/../lib/gcc/arm-none-eabi/7.2.1/../../../../arm-none-eabi/lib/thumb/v7e-m/fpv4-sp/softfp\libc_nano.a(lib_a-impure.o)
                0x00005440                _global_impure_ptr
 *(.eh_frame*)
 .eh_frame      0x00005444        0x0 c:/siliconlabs/simplicitystudio/v5/developer/toolchains/gnu_arm/7.2_2017q4/bin/../lib/gcc/arm-none-eabi/7.2.1/thumb/v7e-m/fpv4-sp/softfp/crtbegin.o
 .eh_frame      0x00005444        0x4 c:/siliconlabs/simplicitystudio/v5/developer/toolchains/gnu_arm/7.2_2017q4/bin/../lib/gcc/arm-none-eabi/7.2.1/thumb/v7e-m/fpv4-sp/softfp/crtend.o

.glue_7         0x00005448        0x0
 .glue_7        0x00005448        0x0 linker stubs

.glue_7t        0x00005448        0x0
 .glue_7t       0x00005448        0x0 linker stubs

.vfp11_veneer   0x00005448        0x0
 .vfp11_veneer  0x00005448        0x0 linker stubs

.v4_bx          0x00005448        0x0
 .v4_bx         0x00005448        0x0 linker stubs

.iplt           0x00005448        0x0
 .iplt          0x00005448        0x0 c:/siliconlabs/simplicitystudio/v5/developer/toolchains/gnu_arm/7.2_2017q4/bin/../lib/gcc/arm-none-eabi/7.2.1/thumb/v7e-m/fpv4-sp/softfp/crtbegin.o

.ARM.extab
 *(.ARM.extab* .gnu.linkonce.armextab.*)
                0x00005448                __exidx_start = .

.ARM.exidx      0x00005448        0x8
 *(.ARM.exidx* .gnu.linkonce.armexidx.*)
 .ARM.exidx     0x00005448        0x8 c:/siliconlabs/simplicitystudio/v5/developer/toolchains/gnu_arm/7.2_2017q4/bin/../lib/gcc/arm-none-eabi/7.2.1/../../../../arm-none-eabi/lib/thumb/v7e-m/fpv4-sp/softfp/crt0.o
                0x00005450                __exidx_end = .
                0x00005450                __etext = .

.rel.dyn        0x00005450        0x0
 .rel.iplt      0x00005450        0x0 c:/siliconlabs/simplicitystudio/v5/developer/toolchains/gnu_arm/7.2_2017q4/bin/../lib/gcc/arm-none-eabi/7.2.1/thumb/v7e-m/fpv4-sp/softfp/crtbegin.o

.data           0x20000000       0xac load address 0x00005450
                0x20000000                __data_start__ = .
 *(vtable)
 *(.data*)
 .data.SystemHFXOClock
                0x20000000        0x4 ./CMSIS/EFM32PG12B/system_efm32pg12b.o
 .data.SystemLFXOClock
                0x20000004        0x4 ./CMSIS/EFM32PG12B/system_efm32pg12b.o
 .data.SystemCoreClock
                0x20000008        0x4 ./CMSIS/EFM32PG12B/system_efm32pg12b.o
                0x20000008                SystemCoreClock
 .data.SystemHfrcoFreq
                0x2000000c        0x4 ./CMSIS/EFM32PG12B/system_efm32pg12b.o
                0x2000000c                SystemHfrcoFreq
 .data.auxHfrcoFreq
                0x20000010        0x4 ./emlib/em_cmu.o
 .data.gpio_even_irq_cb
                0x20000014        0x4 ./src/Source_Files/gpio.o
 .data.gpio_odd_irq_cb
                0x20000018        0x4 ./src/Source_Files/gpio.o
 .data.impure_data
                0x2000001c       0x60 c:/siliconlabs/simplicitystudio/v5/developer/toolchains/gnu_arm/7.2_2017q4/bin/../lib/gcc/arm-none-eabi/7.2.1/../../../../arm-none-eabi/lib/thumb/v7e-m/fpv4-sp/softfp\libc_nano.a(lib_a-impure.o)
                0x2000007c                . = ALIGN (0x4)
 *(.ram)
 .ram           0x2000007c       0x28 ./emlib/em_emu.o
                0x200000a4                . = ALIGN (0x4)
                0x200000a4                PROVIDE (__preinit_array_start, .)
 *(.preinit_array)
                0x200000a4                PROVIDE (__preinit_array_end, .)
                0x200000a4                . = ALIGN (0x4)
                0x200000a4                PROVIDE (__init_array_start, .)
 *(SORT_BY_NAME(.init_array.*))
 *(.init_array)
 .init_array    0x200000a4        0x4 c:/siliconlabs/simplicitystudio/v5/developer/toolchains/gnu_arm/7.2_2017q4/bin/../lib/gcc/arm-none-eabi/7.2.1/thumb/v7e-m/fpv4-sp/softfp/crtbegin.o
                0x200000a8                PROVIDE (__init_array_end, .)
                0x200000a8                . = ALIGN (0x4)
                [!provide]                PROVIDE (__fini_array_start, .)
 *(SORT_BY_NAME(.fini_array.*))
 *(.fini_array)
 .fini_array    0x200000a8        0x4 c:/siliconlabs/simplicitystudio/v5/developer/toolchains/gnu_arm/7.2_2017q4/bin/../lib/gcc/arm-none-eabi/7.2.1/thumb/v7e-m/fpv4-sp/softfp/crtbegin.o
                [!provide]                PROVIDE (__fini_array_end, .)
 *(.jcr*)
                0x200000ac                . = ALIGN (0x4)
                0x200000ac                __data_end__ = .

.igot.plt       0x200000ac        0x0 load address 0x000054fc
 .igot.plt      0x200000ac        0x0 c:/siliconlabs/simplicitystudio/v5/developer/toolchains/gnu_arm/7.2_2017q4/bin/../lib/gcc/arm-none-eabi/7.2.1/thumb/v7e-m/fpv4-sp/softfp/crtbegin.o

.bss            0x200000ac       0xb0 load address 0x000054fc
                0x200000ac                . = ALIGN (0x4)
                0x200000ac                __bss_start__ = .
 *(.bss*)
 .bss           0x200000ac       0x1c c:/siliconlabs/simplicitystudio/v5/developer/toolchains/gnu_arm/7.2_2017q4/bin/../lib/gcc/arm-none-eabi/7.2.1/thumb/v7e-m/fpv4-sp/softfp/crtbegin.o
 .bss.dcdcMaxCurrent_mA
                0x200000c8        0x2 ./emlib/em_emu.o
 .bss.dcdcEm01LoadCurrent_mA
                0x200000ca        0x2 ./emlib/em_emu.o
 .bss.dcdcReverseCurrentControl
                0x200000cc        0x2 ./emlib/em_emu.o
 *fill*         0x200000ce        0x2 
 .bss.vScaleEM01Config
                0x200000d0        0x1 ./emlib/em_emu.o
 *fill*         0x200000d1        0x3 
 .bss.cmuStatus.7848
                0x200000d4        0x4 ./emlib/em_emu.o
 .bss.hfClock.7849
                0x200000d8        0x1 ./emlib/em_emu.o
 .bss.vScaleStatus.7850
                0x200000d9        0x1 ./emlib/em_emu.o
 *fill*         0x200000da        0x2 
 .bss.hfrcoCtrl.7851
                0x200000dc        0x4 ./emlib/em_emu.o
 .bss.read_result
                0x200000e0        0x4 ./src/Source_Files/Si7021.o
 .bss.read_result_temp
                0x200000e4        0x4 ./src/Source_Files/Si7021.o
 .bss.i2c0_state_machine
                0x200000e8       0x24 ./src/Source_Files/i2c.o
 .bss.i2c1_state_machine
                0x2000010c       0x24 ./src/Source_Files/i2c.o
 .bss.scheduled_comp0_cb
                0x20000130        0x4 ./src/Source_Files/letimer.o
 .bss.scheduled_comp1_cb
                0x20000134        0x4 ./src/Source_Files/letimer.o
 .bss.scheduled_uf_cb
                0x20000138        0x4 ./src/Source_Files/letimer.o
 .bss.event_scheduled
                0x2000013c        0x4 ./src/Source_Files/scheduler.o
 .bss.read_hum  0x20000140        0x4 ./src/Source_Files/shtc3.o
 .bss.read_temp
                0x20000144        0x4 ./src/Source_Files/shtc3.o
 .bss.lowest_energy_mode
                0x20000148       0x14 ./src/Source_Files/sleep_routines.o
 *(COMMON)
                0x2000015c                . = ALIGN (0x4)
                0x2000015c                __bss_end__ = .

.heap           0x20000160      0xc00
                0x20000160                __HeapBase = .
                0x20000160                __end__ = .
                0x20000160                end = __end__
                0x20000160                _end = __end__
 *(.heap*)
 .heap          0x20000160      0xc00 ./CMSIS/EFM32PG12B/startup_gcc_efm32pg12b.o
                0x20000d60                __HeapLimit = .

.stack_dummy    0x20000160      0x400
 *(.stack*)
 .stack         0x20000160      0x400 ./CMSIS/EFM32PG12B/startup_gcc_efm32pg12b.o
                0x20040000                __StackTop = (ORIGIN (RAM) + LENGTH (RAM))
                0x2003fc00                __StackLimit = (__StackTop - SIZEOF (.stack_dummy))
                0x20040000                PROVIDE (__stack, __StackTop)
                0x00000001                ASSERT ((__StackLimit >= __HeapLimit), region RAM overflowed with stack)
                0x00000001                ASSERT ((LENGTH (FLASH) >= (__etext + SIZEOF (.data))), FLASH memory overflowed !)
OUTPUT(MS_Course_Project.axf elf32-littlearm)

.ARM.attributes
                0x00000000       0x2e
 .ARM.attributes
                0x00000000       0x22 c:/siliconlabs/simplicitystudio/v5/developer/toolchains/gnu_arm/7.2_2017q4/bin/../lib/gcc/arm-none-eabi/7.2.1/thumb/v7e-m/fpv4-sp/softfp/crti.o
 .ARM.attributes
                0x00000022       0x32 c:/siliconlabs/simplicitystudio/v5/developer/toolchains/gnu_arm/7.2_2017q4/bin/../lib/gcc/arm-none-eabi/7.2.1/thumb/v7e-m/fpv4-sp/softfp/crtbegin.o
 .ARM.attributes
                0x00000054       0x20 c:/siliconlabs/simplicitystudio/v5/developer/toolchains/gnu_arm/7.2_2017q4/bin/../lib/gcc/arm-none-eabi/7.2.1/../../../../arm-none-eabi/lib/thumb/v7e-m/fpv4-sp/softfp/crt0.o
 .ARM.attributes
                0x00000074       0x1f ./CMSIS/EFM32PG12B/startup_gcc_efm32pg12b.o
 .ARM.attributes
                0x00000093       0x37 ./CMSIS/EFM32PG12B/system_efm32pg12b.o
 .ARM.attributes
                0x000000ca       0x37 ./emlib/em_assert.o
 .ARM.attributes
                0x00000101       0x37 ./emlib/em_cmu.o
 .ARM.attributes
                0x00000138       0x37 ./emlib/em_core.o
 .ARM.attributes
                0x0000016f       0x37 ./emlib/em_emu.o
 .ARM.attributes
                0x000001a6       0x37 ./emlib/em_gpio.o
 .ARM.attributes
                0x000001dd       0x37 ./emlib/em_i2c.o
 .ARM.attributes
                0x00000214       0x37 ./emlib/em_letimer.o
 .ARM.attributes
                0x0000024b       0x37 ./emlib/em_timer.o
 .ARM.attributes
                0x00000282       0x37 ./src/Source_Files/HW_delay.o
 .ARM.attributes
                0x000002b9       0x37 ./src/Source_Files/Si7021.o
 .ARM.attributes
                0x000002f0       0x37 ./src/Source_Files/app.o
 .ARM.attributes
                0x00000327       0x37 ./src/Source_Files/cmu.o
 .ARM.attributes
                0x0000035e       0x37 ./src/Source_Files/gpio.o
 .ARM.attributes
                0x00000395       0x37 ./src/Source_Files/i2c.o
 .ARM.attributes
                0x000003cc       0x37 ./src/Source_Files/letimer.o
 .ARM.attributes
                0x00000403       0x37 ./src/Source_Files/scheduler.o
 .ARM.attributes
                0x0000043a       0x37 ./src/Source_Files/shtc3.o
 .ARM.attributes
                0x00000471       0x37 ./src/Source_Files/sleep_routines.o
 .ARM.attributes
                0x000004a8       0x37 ./src/main.o
 .ARM.attributes
                0x000004df       0x32 c:/siliconlabs/simplicitystudio/v5/developer/toolchains/gnu_arm/7.2_2017q4/bin/../lib/gcc/arm-none-eabi/7.2.1/../../../../arm-none-eabi/lib/thumb/v7e-m/fpv4-sp/softfp\libc_nano.a(lib_a-exit.o)
 .ARM.attributes
                0x00000511       0x32 c:/siliconlabs/simplicitystudio/v5/developer/toolchains/gnu_arm/7.2_2017q4/bin/../lib/gcc/arm-none-eabi/7.2.1/../../../../arm-none-eabi/lib/thumb/v7e-m/fpv4-sp/softfp\libc_nano.a(lib_a-impure.o)
 .ARM.attributes
                0x00000543       0x32 c:/siliconlabs/simplicitystudio/v5/developer/toolchains/gnu_arm/7.2_2017q4/bin/../lib/gcc/arm-none-eabi/7.2.1/../../../../arm-none-eabi/lib/thumb/v7e-m/fpv4-sp/softfp\libc_nano.a(lib_a-init.o)
 .ARM.attributes
                0x00000575       0x32 c:/siliconlabs/simplicitystudio/v5/developer/toolchains/gnu_arm/7.2_2017q4/bin/../lib/gcc/arm-none-eabi/7.2.1/../../../../arm-none-eabi/lib/thumb/v7e-m/fpv4-sp/softfp\libc_nano.a(lib_a-memset.o)
 .ARM.attributes
                0x000005a7       0x32 c:/siliconlabs/simplicitystudio/v5/developer/toolchains/gnu_arm/7.2_2017q4/bin/../lib/gcc/arm-none-eabi/7.2.1/../../../../arm-none-eabi/lib/thumb/v7e-m/fpv4-sp/softfp\libnosys.a(_exit.o)
 .ARM.attributes
                0x000005d9       0x32 c:/siliconlabs/simplicitystudio/v5/developer/toolchains/gnu_arm/7.2_2017q4/bin/../lib/gcc/arm-none-eabi/7.2.1/thumb/v7e-m/fpv4-sp/softfp/crtend.o
 .ARM.attributes
                0x0000060b       0x22 c:/siliconlabs/simplicitystudio/v5/developer/toolchains/gnu_arm/7.2_2017q4/bin/../lib/gcc/arm-none-eabi/7.2.1/thumb/v7e-m/fpv4-sp/softfp/crtn.o

.comment        0x00000000       0x7e
 .comment       0x00000000       0x7e ./CMSIS/EFM32PG12B/system_efm32pg12b.o
                                 0x7f (size before relaxing)
 .comment       0x0000007e       0x7f ./emlib/em_assert.o
 .comment       0x0000007e       0x7f ./emlib/em_cmu.o
 .comment       0x0000007e       0x7f ./emlib/em_core.o
 .comment       0x0000007e       0x7f ./emlib/em_emu.o
 .comment       0x0000007e       0x7f ./emlib/em_gpio.o
 .comment       0x0000007e       0x7f ./emlib/em_i2c.o
 .comment       0x0000007e       0x7f ./emlib/em_letimer.o
 .comment       0x0000007e       0x7f ./emlib/em_timer.o
 .comment       0x0000007e       0x7f ./src/Source_Files/HW_delay.o
 .comment       0x0000007e       0x7f ./src/Source_Files/Si7021.o
 .comment       0x0000007e       0x7f ./src/Source_Files/app.o
 .comment       0x0000007e       0x7f ./src/Source_Files/cmu.o
 .comment       0x0000007e       0x7f ./src/Source_Files/gpio.o
 .comment       0x0000007e       0x7f ./src/Source_Files/i2c.o
 .comment       0x0000007e       0x7f ./src/Source_Files/letimer.o
 .comment       0x0000007e       0x7f ./src/Source_Files/scheduler.o
 .comment       0x0000007e       0x7f ./src/Source_Files/shtc3.o
 .comment       0x0000007e       0x7f ./src/Source_Files/sleep_routines.o
 .comment       0x0000007e       0x7f ./src/main.o

.debug_line     0x00000000     0xdbe6
 .debug_line    0x00000000       0x78 ./CMSIS/EFM32PG12B/startup_gcc_efm32pg12b.o
 .debug_line    0x00000078      0x8a6 ./CMSIS/EFM32PG12B/system_efm32pg12b.o
 .debug_line    0x0000091e      0x12f ./emlib/em_assert.o
 .debug_line    0x00000a4d     0x14d0 ./emlib/em_cmu.o
 .debug_line    0x00001f1d      0xbee ./emlib/em_core.o
 .debug_line    0x00002b0b     0x148b ./emlib/em_emu.o
 .debug_line    0x00003f96      0xca1 ./emlib/em_gpio.o
 .debug_line    0x00004c37      0xbda ./emlib/em_i2c.o
 .debug_line    0x00005811      0xa79 ./emlib/em_letimer.o
 .debug_line    0x0000628a      0xb9a ./emlib/em_timer.o
 .debug_line    0x00006e24      0x96b ./src/Source_Files/HW_delay.o
 .debug_line    0x0000778f      0x9cb ./src/Source_Files/Si7021.o
 .debug_line    0x0000815a      0xbd4 ./src/Source_Files/app.o
 .debug_line    0x00008d2e      0x8ed ./src/Source_Files/cmu.o
 .debug_line    0x0000961b      0x9f4 ./src/Source_Files/gpio.o
 .debug_line    0x0000a00f      0xaab ./src/Source_Files/i2c.o
 .debug_line    0x0000aaba      0x9f9 ./src/Source_Files/letimer.o
 .debug_line    0x0000b4b3      0x910 ./src/Source_Files/scheduler.o
 .debug_line    0x0000bdc3      0x9bb ./src/Source_Files/shtc3.o
 .debug_line    0x0000c77e      0x990 ./src/Source_Files/sleep_routines.o
 .debug_line    0x0000d10e      0xad8 ./src/main.o

.debug_info     0x00000000     0xe494
 .debug_info    0x00000000       0x26 ./CMSIS/EFM32PG12B/startup_gcc_efm32pg12b.o
 .debug_info    0x00000026      0x93f ./CMSIS/EFM32PG12B/system_efm32pg12b.o
 .debug_info    0x00000965       0x7e ./emlib/em_assert.o
 .debug_info    0x000009e3     0x253c ./emlib/em_cmu.o
 .debug_info    0x00002f1f      0xdb7 ./emlib/em_core.o
 .debug_info    0x00003cd6     0x2613 ./emlib/em_emu.o
 .debug_info    0x000062e9      0xaeb ./emlib/em_gpio.o
 .debug_info    0x00006dd4      0x9f9 ./emlib/em_i2c.o
 .debug_info    0x000077cd      0x6ef ./emlib/em_letimer.o
 .debug_info    0x00007ebc      0xa30 ./emlib/em_timer.o
 .debug_info    0x000088ec      0x759 ./src/Source_Files/HW_delay.o
 .debug_info    0x00009045      0x424 ./src/Source_Files/Si7021.o
 .debug_info    0x00009469      0x841 ./src/Source_Files/app.o
 .debug_info    0x00009caa      0x37c ./src/Source_Files/cmu.o
 .debug_info    0x0000a026      0x953 ./src/Source_Files/gpio.o
 .debug_info    0x0000a979      0xb07 ./src/Source_Files/i2c.o
 .debug_info    0x0000b480      0x9bb ./src/Source_Files/letimer.o
 .debug_info    0x0000be3b      0x1f4 ./src/Source_Files/scheduler.o
 .debug_info    0x0000c02f      0x3c1 ./src/Source_Files/shtc3.o
 .debug_info    0x0000c3f0      0x46e ./src/Source_Files/sleep_routines.o
 .debug_info    0x0000c85e     0x1c36 ./src/main.o

.debug_abbrev   0x00000000     0x274e
 .debug_abbrev  0x00000000       0x14 ./CMSIS/EFM32PG12B/startup_gcc_efm32pg12b.o
 .debug_abbrev  0x00000014      0x1ed ./CMSIS/EFM32PG12B/system_efm32pg12b.o
 .debug_abbrev  0x00000201       0x68 ./emlib/em_assert.o
 .debug_abbrev  0x00000269      0x36e ./emlib/em_cmu.o
 .debug_abbrev  0x000005d7      0x273 ./emlib/em_core.o
 .debug_abbrev  0x0000084a      0x35b ./emlib/em_emu.o
 .debug_abbrev  0x00000ba5      0x233 ./emlib/em_gpio.o
 .debug_abbrev  0x00000dd8      0x299 ./emlib/em_i2c.o
 .debug_abbrev  0x00001071      0x268 ./emlib/em_letimer.o
 .debug_abbrev  0x000012d9      0x234 ./emlib/em_timer.o
 .debug_abbrev  0x0000150d      0x1dc ./src/Source_Files/HW_delay.o
 .debug_abbrev  0x000016e9      0x158 ./src/Source_Files/Si7021.o
 .debug_abbrev  0x00001841      0x20c ./src/Source_Files/app.o
 .debug_abbrev  0x00001a4d       0xef ./src/Source_Files/cmu.o
 .debug_abbrev  0x00001b3c      0x1db ./src/Source_Files/gpio.o
 .debug_abbrev  0x00001d17      0x25c ./src/Source_Files/i2c.o
 .debug_abbrev  0x00001f73      0x1d6 ./src/Source_Files/letimer.o
 .debug_abbrev  0x00002149      0x122 ./src/Source_Files/scheduler.o
 .debug_abbrev  0x0000226b      0x145 ./src/Source_Files/shtc3.o
 .debug_abbrev  0x000023b0      0x16e ./src/Source_Files/sleep_routines.o
 .debug_abbrev  0x0000251e      0x230 ./src/main.o

.debug_aranges  0x00000000      0xa08
 .debug_aranges
                0x00000000       0x20 ./CMSIS/EFM32PG12B/startup_gcc_efm32pg12b.o
 .debug_aranges
                0x00000020       0x68 ./CMSIS/EFM32PG12B/system_efm32pg12b.o
 .debug_aranges
                0x00000088       0x20 ./emlib/em_assert.o
 .debug_aranges
                0x000000a8      0x1d8 ./emlib/em_cmu.o
 .debug_aranges
                0x00000280       0xe8 ./emlib/em_core.o
 .debug_aranges
                0x00000368      0x1e8 ./emlib/em_emu.o
 .debug_aranges
                0x00000550       0x88 ./emlib/em_gpio.o
 .debug_aranges
                0x000005d8       0x70 ./emlib/em_i2c.o
 .debug_aranges
                0x00000648       0x88 ./emlib/em_letimer.o
 .debug_aranges
                0x000006d0       0x60 ./emlib/em_timer.o
 .debug_aranges
                0x00000730       0x30 ./src/Source_Files/HW_delay.o
 .debug_aranges
                0x00000760       0x48 ./src/Source_Files/Si7021.o
 .debug_aranges
                0x000007a8       0x80 ./src/Source_Files/app.o
 .debug_aranges
                0x00000828       0x20 ./src/Source_Files/cmu.o
 .debug_aranges
                0x00000848       0x38 ./src/Source_Files/gpio.o
 .debug_aranges
                0x00000880       0x68 ./src/Source_Files/i2c.o
 .debug_aranges
                0x000008e8       0x38 ./src/Source_Files/letimer.o
 .debug_aranges
                0x00000920       0x38 ./src/Source_Files/scheduler.o
 .debug_aranges
                0x00000958       0x38 ./src/Source_Files/shtc3.o
 .debug_aranges
                0x00000990       0x48 ./src/Source_Files/sleep_routines.o
 .debug_aranges
                0x000009d8       0x30 ./src/main.o

.debug_str      0x00000000   0x159b36
 .debug_str     0x00000000       0x7e ./CMSIS/EFM32PG12B/startup_gcc_efm32pg12b.o
 .debug_str     0x0000007e   0x14e253 ./CMSIS/EFM32PG12B/system_efm32pg12b.o
                             0x14f171 (size before relaxing)
 .debug_str     0x0014e2d1       0xb8 ./emlib/em_assert.o
                               0x2dc1 (size before relaxing)
 .debug_str     0x0014e389     0x56ef ./emlib/em_cmu.o
                             0x1548a0 (size before relaxing)
 .debug_str     0x00153a78      0x5bc ./emlib/em_core.o
                             0x14fdeb (size before relaxing)
 .debug_str     0x00154034     0x13fe ./emlib/em_emu.o
                             0x154d1e (size before relaxing)
 .debug_str     0x00155432      0x48e ./emlib/em_gpio.o
                             0x150681 (size before relaxing)
 .debug_str     0x001558c0      0x517 ./emlib/em_i2c.o
                             0x15311e (size before relaxing)
 .debug_str     0x00155dd7      0x359 ./emlib/em_letimer.o
                             0x151094 (size before relaxing)
 .debug_str     0x00156130      0xa60 ./emlib/em_timer.o
                             0x14f823 (size before relaxing)
 .debug_str     0x00156b90       0x73 ./src/Source_Files/HW_delay.o
                             0x15167b (size before relaxing)
 .debug_str     0x00156c03      0x87b ./src/Source_Files/Si7021.o
                             0x151ed7 (size before relaxing)
 .debug_str     0x0015747e      0x38f ./src/Source_Files/app.o
                             0x15231e (size before relaxing)
 .debug_str     0x0015780d       0x23 ./src/Source_Files/cmu.o
                             0x1510e7 (size before relaxing)
 .debug_str     0x00157830       0x57 ./src/Source_Files/gpio.o
                             0x1528ba (size before relaxing)
 .debug_str     0x00157887      0x1af ./src/Source_Files/i2c.o
                             0x152197 (size before relaxing)
 .debug_str     0x00157a36       0xb9 ./src/Source_Files/letimer.o
                             0x151a82 (size before relaxing)
 .debug_str     0x00157aef       0x87 ./src/Source_Files/scheduler.o
                             0x14fbe7 (size before relaxing)
 .debug_str     0x00157b76       0x6b ./src/Source_Files/shtc3.o
                             0x151f39 (size before relaxing)
 .debug_str     0x00157be1       0x9a ./src/Source_Files/sleep_routines.o
                             0x14fc87 (size before relaxing)
 .debug_str     0x00157c7b     0x1ebb ./src/main.o
                             0x15666d (size before relaxing)

.debug_loc      0x00000000     0x4eee
 .debug_loc     0x00000000      0x2e4 ./CMSIS/EFM32PG12B/system_efm32pg12b.o
 .debug_loc     0x000002e4       0x38 ./emlib/em_assert.o
 .debug_loc     0x0000031c     0x1144 ./emlib/em_cmu.o
 .debug_loc     0x00001460      0x844 ./emlib/em_core.o
 .debug_loc     0x00001ca4     0x10f6 ./emlib/em_emu.o
 .debug_loc     0x00002d9a      0x490 ./emlib/em_gpio.o
 .debug_loc     0x0000322a      0x388 ./emlib/em_i2c.o
 .debug_loc     0x000035b2      0x4a8 ./emlib/em_letimer.o
 .debug_loc     0x00003a5a      0x2e8 ./emlib/em_timer.o
 .debug_loc     0x00003d42       0xfc ./src/Source_Files/HW_delay.o
 .debug_loc     0x00003e3e      0x1f8 ./src/Source_Files/Si7021.o
 .debug_loc     0x00004036      0x39a ./src/Source_Files/app.o
 .debug_loc     0x000043d0       0x2c ./src/Source_Files/cmu.o
 .debug_loc     0x000043fc      0x140 ./src/Source_Files/gpio.o
 .debug_loc     0x0000453c      0x338 ./src/Source_Files/i2c.o
 .debug_loc     0x00004874      0x14c ./src/Source_Files/letimer.o
 .debug_loc     0x000049c0      0x134 ./src/Source_Files/scheduler.o
 .debug_loc     0x00004af4      0x14c ./src/Source_Files/shtc3.o
 .debug_loc     0x00004c40      0x1e0 ./src/Source_Files/sleep_routines.o
 .debug_loc     0x00004e20       0xce ./src/main.o

.debug_ranges   0x00000000      0x8c0
 .debug_ranges  0x00000000       0x58 ./CMSIS/EFM32PG12B/system_efm32pg12b.o
 .debug_ranges  0x00000058       0x10 ./emlib/em_assert.o
 .debug_ranges  0x00000068      0x1c8 ./emlib/em_cmu.o
 .debug_ranges  0x00000230       0xd8 ./emlib/em_core.o
 .debug_ranges  0x00000308      0x1d8 ./emlib/em_emu.o
 .debug_ranges  0x000004e0       0x78 ./emlib/em_gpio.o
 .debug_ranges  0x00000558       0x78 ./emlib/em_i2c.o
 .debug_ranges  0x000005d0       0x78 ./emlib/em_letimer.o
 .debug_ranges  0x00000648       0x50 ./emlib/em_timer.o
 .debug_ranges  0x00000698       0x20 ./src/Source_Files/HW_delay.o
 .debug_ranges  0x000006b8       0x38 ./src/Source_Files/Si7021.o
 .debug_ranges  0x000006f0       0x70 ./src/Source_Files/app.o
 .debug_ranges  0x00000760       0x10 ./src/Source_Files/cmu.o
 .debug_ranges  0x00000770       0x28 ./src/Source_Files/gpio.o
 .debug_ranges  0x00000798       0x58 ./src/Source_Files/i2c.o
 .debug_ranges  0x000007f0       0x28 ./src/Source_Files/letimer.o
 .debug_ranges  0x00000818       0x28 ./src/Source_Files/scheduler.o
 .debug_ranges  0x00000840       0x28 ./src/Source_Files/shtc3.o
 .debug_ranges  0x00000868       0x38 ./src/Source_Files/sleep_routines.o
 .debug_ranges  0x000008a0       0x20 ./src/main.o

.debug_macro    0x00000000    0x348fd
 .debug_macro   0x00000000      0x282 ./CMSIS/EFM32PG12B/system_efm32pg12b.o
 .debug_macro   0x00000282      0xa54 ./CMSIS/EFM32PG12B/system_efm32pg12b.o
 .debug_macro   0x00000cd6       0x22 ./CMSIS/EFM32PG12B/system_efm32pg12b.o
 .debug_macro   0x00000cf8       0x4f ./CMSIS/EFM32PG12B/system_efm32pg12b.o
 .debug_macro   0x00000d47       0x51 ./CMSIS/EFM32PG12B/system_efm32pg12b.o
 .debug_macro   0x00000d98       0xef ./CMSIS/EFM32PG12B/system_efm32pg12b.o
 .debug_macro   0x00000e87       0x6a ./CMSIS/EFM32PG12B/system_efm32pg12b.o
 .debug_macro   0x00000ef1      0x1df ./CMSIS/EFM32PG12B/system_efm32pg12b.o
 .debug_macro   0x000010d0      0x4b1 ./CMSIS/EFM32PG12B/system_efm32pg12b.o
 .debug_macro   0x00001581       0x1c ./CMSIS/EFM32PG12B/system_efm32pg12b.o
 .debug_macro   0x0000159d       0x22 ./CMSIS/EFM32PG12B/system_efm32pg12b.o
 .debug_macro   0x000015bf       0xdf ./CMSIS/EFM32PG12B/system_efm32pg12b.o
 .debug_macro   0x0000169e      0xff5 ./CMSIS/EFM32PG12B/system_efm32pg12b.o
 .debug_macro   0x00002693       0xe2 ./CMSIS/EFM32PG12B/system_efm32pg12b.o
 .debug_macro   0x00002775      0xe1c ./CMSIS/EFM32PG12B/system_efm32pg12b.o
 .debug_macro   0x00003591     0x2275 ./CMSIS/EFM32PG12B/system_efm32pg12b.o
 .debug_macro   0x00005806      0x329 ./CMSIS/EFM32PG12B/system_efm32pg12b.o
 .debug_macro   0x00005b2f     0x3119 ./CMSIS/EFM32PG12B/system_efm32pg12b.o
 .debug_macro   0x00008c48     0x1bba ./CMSIS/EFM32PG12B/system_efm32pg12b.o
 .debug_macro   0x0000a802     0x2674 ./CMSIS/EFM32PG12B/system_efm32pg12b.o
 .debug_macro   0x0000ce76     0x1b19 ./CMSIS/EFM32PG12B/system_efm32pg12b.o
 .debug_macro   0x0000e98f      0xe2b ./CMSIS/EFM32PG12B/system_efm32pg12b.o
 .debug_macro   0x0000f7ba      0x344 ./CMSIS/EFM32PG12B/system_efm32pg12b.o
 .debug_macro   0x0000fafe      0x29d ./CMSIS/EFM32PG12B/system_efm32pg12b.o
 .debug_macro   0x0000fd9b     0x2763 ./CMSIS/EFM32PG12B/system_efm32pg12b.o
 .debug_macro   0x000124fe     0x31cc ./CMSIS/EFM32PG12B/system_efm32pg12b.o
 .debug_macro   0x000156ca     0x136b ./CMSIS/EFM32PG12B/system_efm32pg12b.o
 .debug_macro   0x00016a35      0xde2 ./CMSIS/EFM32PG12B/system_efm32pg12b.o
 .debug_macro   0x00017817      0x249 ./CMSIS/EFM32PG12B/system_efm32pg12b.o
 .debug_macro   0x00017a60     0x1042 ./CMSIS/EFM32PG12B/system_efm32pg12b.o
 .debug_macro   0x00018aa2     0x1605 ./CMSIS/EFM32PG12B/system_efm32pg12b.o
 .debug_macro   0x0001a0a7     0x3cb7 ./CMSIS/EFM32PG12B/system_efm32pg12b.o
 .debug_macro   0x0001dd5e     0x23fc ./CMSIS/EFM32PG12B/system_efm32pg12b.o
 .debug_macro   0x0002015a      0x70c ./CMSIS/EFM32PG12B/system_efm32pg12b.o
 .debug_macro   0x00020866     0x26ef ./CMSIS/EFM32PG12B/system_efm32pg12b.o
 .debug_macro   0x00022f55     0x1700 ./CMSIS/EFM32PG12B/system_efm32pg12b.o
 .debug_macro   0x00024655     0x2efb ./CMSIS/EFM32PG12B/system_efm32pg12b.o
 .debug_macro   0x00027550      0xfaf ./CMSIS/EFM32PG12B/system_efm32pg12b.o
 .debug_macro   0x000284ff      0x6c3 ./CMSIS/EFM32PG12B/system_efm32pg12b.o
 .debug_macro   0x00028bc2     0x1021 ./CMSIS/EFM32PG12B/system_efm32pg12b.o
 .debug_macro   0x00029be3      0x888 ./CMSIS/EFM32PG12B/system_efm32pg12b.o
 .debug_macro   0x0002a46b      0x4ff ./CMSIS/EFM32PG12B/system_efm32pg12b.o
 .debug_macro   0x0002a96a     0x1be1 ./CMSIS/EFM32PG12B/system_efm32pg12b.o
 .debug_macro   0x0002c54b       0x40 ./CMSIS/EFM32PG12B/system_efm32pg12b.o
 .debug_macro   0x0002c58b      0x2ce ./CMSIS/EFM32PG12B/system_efm32pg12b.o
 .debug_macro   0x0002c859      0x381 ./CMSIS/EFM32PG12B/system_efm32pg12b.o
 .debug_macro   0x0002cbda      0x190 ./CMSIS/EFM32PG12B/system_efm32pg12b.o
 .debug_macro   0x0002cd6a     0x27bf ./CMSIS/EFM32PG12B/system_efm32pg12b.o
 .debug_macro   0x0002f529      0x303 ./CMSIS/EFM32PG12B/system_efm32pg12b.o
 .debug_macro   0x0002f82c      0x303 ./CMSIS/EFM32PG12B/system_efm32pg12b.o
 .debug_macro   0x0002fb2f       0x23 ./emlib/em_assert.o
 .debug_macro   0x0002fb52      0x3c2 ./emlib/em_cmu.o
 .debug_macro   0x0002ff14       0x58 ./emlib/em_cmu.o
 .debug_macro   0x0002ff6c      0x34d ./emlib/em_cmu.o
 .debug_macro   0x000302b9       0x25 ./emlib/em_cmu.o
 .debug_macro   0x000302de       0xee ./emlib/em_cmu.o
 .debug_macro   0x000303cc       0x87 ./emlib/em_cmu.o
 .debug_macro   0x00030453      0x2a0 ./emlib/em_core.o
 .debug_macro   0x000306f3      0x3d7 ./emlib/em_emu.o
 .debug_macro   0x00030aca       0x52 ./emlib/em_emu.o
 .debug_macro   0x00030b1c       0x55 ./emlib/em_emu.o
 .debug_macro   0x00030b71      0x353 ./emlib/em_emu.o
 .debug_macro   0x00030ec4       0xd9 ./emlib/em_emu.o
 .debug_macro   0x00030f9d       0x81 ./emlib/em_emu.o
 .debug_macro   0x0003101e      0x2ad ./emlib/em_gpio.o
 .debug_macro   0x000312cb      0x337 ./emlib/em_i2c.o
 .debug_macro   0x00031602       0x3f ./emlib/em_i2c.o
 .debug_macro   0x00031641      0x2da ./emlib/em_letimer.o
 .debug_macro   0x0003191b      0x283 ./emlib/em_timer.o
 .debug_macro   0x00031b9e       0x79 ./emlib/em_timer.o
 .debug_macro   0x00031c17      0x2cd ./src/Source_Files/HW_delay.o
 .debug_macro   0x00031ee4      0x31f ./src/Source_Files/Si7021.o
 .debug_macro   0x00032203      0x15a ./src/Source_Files/Si7021.o
 .debug_macro   0x0003235d       0x3a ./src/Source_Files/Si7021.o
 .debug_macro   0x00032397       0x28 ./src/Source_Files/Si7021.o
 .debug_macro   0x000323bf       0x45 ./src/Source_Files/Si7021.o
 .debug_macro   0x00032404       0x7f ./src/Source_Files/Si7021.o
 .debug_macro   0x00032483       0x4c ./src/Source_Files/Si7021.o
 .debug_macro   0x000324cf      0x36a ./src/Source_Files/app.o
 .debug_macro   0x00032839      0x160 ./src/Source_Files/app.o
 .debug_macro   0x00032999       0x10 ./src/Source_Files/app.o
 .debug_macro   0x000329a9       0x16 ./src/Source_Files/app.o
 .debug_macro   0x000329bf       0x4c ./src/Source_Files/app.o
 .debug_macro   0x00032a0b       0x4c ./src/Source_Files/app.o
 .debug_macro   0x00032a57      0x2c2 ./src/Source_Files/cmu.o
 .debug_macro   0x00032d19      0x36a ./src/Source_Files/gpio.o
 .debug_macro   0x00033083      0x2fd ./src/Source_Files/i2c.o
 .debug_macro   0x00033380      0x301 ./src/Source_Files/letimer.o
 .debug_macro   0x00033681      0x2bf ./src/Source_Files/scheduler.o
 .debug_macro   0x00033940      0x328 ./src/Source_Files/shtc3.o
 .debug_macro   0x00033c68       0x52 ./src/Source_Files/shtc3.o
 .debug_macro   0x00033cba       0x46 ./src/Source_Files/shtc3.o
 .debug_macro   0x00033d00      0x2b8 ./src/Source_Files/sleep_routines.o
 .debug_macro   0x00033fb8      0x48b ./src/main.o
 .debug_macro   0x00034443       0x16 ./src/main.o
 .debug_macro   0x00034459       0x97 ./src/main.o
 .debug_macro   0x000344f0       0xf6 ./src/main.o
 .debug_macro   0x000345e6       0x10 ./src/main.o
 .debug_macro   0x000345f6       0x10 ./src/main.o
 .debug_macro   0x00034606       0xb6 ./src/main.o
 .debug_macro   0x000346bc       0x16 ./src/main.o
 .debug_macro   0x000346d2      0x129 ./src/main.o
 .debug_macro   0x000347fb      0x102 ./src/main.o

.debug_frame    0x00000000     0x25f8
 .debug_frame   0x00000000      0x164 ./CMSIS/EFM32PG12B/system_efm32pg12b.o
 .debug_frame   0x00000164       0x2c ./emlib/em_assert.o
 .debug_frame   0x00000190      0x800 ./emlib/em_cmu.o
 .debug_frame   0x00000990      0x3c4 ./emlib/em_core.o
 .debug_frame   0x00000d54      0x800 ./emlib/em_emu.o
 .debug_frame   0x00001554      0x218 ./emlib/em_gpio.o
 .debug_frame   0x0000176c      0x1a8 ./emlib/em_i2c.o
 .debug_frame   0x00001914      0x220 ./emlib/em_letimer.o
 .debug_frame   0x00001b34      0x15c ./emlib/em_timer.o
 .debug_frame   0x00001c90       0x80 ./src/Source_Files/HW_delay.o
 .debug_frame   0x00001d10       0xf0 ./src/Source_Files/Si7021.o
 .debug_frame   0x00001e00      0x1cc ./src/Source_Files/app.o
 .debug_frame   0x00001fcc       0x2c ./src/Source_Files/cmu.o
 .debug_frame   0x00001ff8       0xa4 ./src/Source_Files/gpio.o
 .debug_frame   0x0000209c      0x180 ./src/Source_Files/i2c.o
 .debug_frame   0x0000221c       0xa4 ./src/Source_Files/letimer.o
 .debug_frame   0x000022c0       0x9c ./src/Source_Files/scheduler.o
 .debug_frame   0x0000235c       0xa8 ./src/Source_Files/shtc3.o
 .debug_frame   0x00002404       0xe8 ./src/Source_Files/sleep_routines.o
 .debug_frame   0x000024ec       0x78 ./src/main.o
 .debug_frame   0x00002564       0x28 c:/siliconlabs/simplicitystudio/v5/developer/toolchains/gnu_arm/7.2_2017q4/bin/../lib/gcc/arm-none-eabi/7.2.1/../../../../arm-none-eabi/lib/thumb/v7e-m/fpv4-sp/softfp\libc_nano.a(lib_a-exit.o)
 .debug_frame   0x0000258c       0x2c c:/siliconlabs/simplicitystudio/v5/developer/toolchains/gnu_arm/7.2_2017q4/bin/../lib/gcc/arm-none-eabi/7.2.1/../../../../arm-none-eabi/lib/thumb/v7e-m/fpv4-sp/softfp\libc_nano.a(lib_a-init.o)
 .debug_frame   0x000025b8       0x20 c:/siliconlabs/simplicitystudio/v5/developer/toolchains/gnu_arm/7.2_2017q4/bin/../lib/gcc/arm-none-eabi/7.2.1/../../../../arm-none-eabi/lib/thumb/v7e-m/fpv4-sp/softfp\libc_nano.a(lib_a-memset.o)
 .debug_frame   0x000025d8       0x20 c:/siliconlabs/simplicitystudio/v5/developer/toolchains/gnu_arm/7.2_2017q4/bin/../lib/gcc/arm-none-eabi/7.2.1/../../../../arm-none-eabi/lib/thumb/v7e-m/fpv4-sp/softfp\libnosys.a(_exit.o)
