Archive member included to satisfy reference by file (symbol)

c:/siliconlabs/simplicitystudio/v5/developer/toolchains/gnu_arm/7.2_2017q4/bin/../lib/gcc/arm-none-eabi/7.2.1/thumb/v7e-m/fpv4-sp/softfp\libgcc.a(_aeabi_ldivmod.o)
                              ./emlib/em_usart.o (__aeabi_ldivmod)
c:/siliconlabs/simplicitystudio/v5/developer/toolchains/gnu_arm/7.2_2017q4/bin/../lib/gcc/arm-none-eabi/7.2.1/thumb/v7e-m/fpv4-sp/softfp\libgcc.a(_aeabi_uldivmod.o)
                              ./emlib/em_usart.o (__aeabi_uldivmod)
c:/siliconlabs/simplicitystudio/v5/developer/toolchains/gnu_arm/7.2_2017q4/bin/../lib/gcc/arm-none-eabi/7.2.1/thumb/v7e-m/fpv4-sp/softfp\libgcc.a(_udivmoddi4.o)
                              c:/siliconlabs/simplicitystudio/v5/developer/toolchains/gnu_arm/7.2_2017q4/bin/../lib/gcc/arm-none-eabi/7.2.1/thumb/v7e-m/fpv4-sp/softfp\libgcc.a(_aeabi_ldivmod.o) (__udivmoddi4)
c:/siliconlabs/simplicitystudio/v5/developer/toolchains/gnu_arm/7.2_2017q4/bin/../lib/gcc/arm-none-eabi/7.2.1/thumb/v7e-m/fpv4-sp/softfp\libgcc.a(_dvmd_tls.o)
                              c:/siliconlabs/simplicitystudio/v5/developer/toolchains/gnu_arm/7.2_2017q4/bin/../lib/gcc/arm-none-eabi/7.2.1/thumb/v7e-m/fpv4-sp/softfp\libgcc.a(_aeabi_ldivmod.o) (__aeabi_ldiv0)
c:/siliconlabs/simplicitystudio/v5/developer/toolchains/gnu_arm/7.2_2017q4/bin/../lib/gcc/arm-none-eabi/7.2.1/../../../../arm-none-eabi/lib/thumb/v7e-m/fpv4-sp/softfp\libc_nano.a(lib_a-exit.o)
                              c:/siliconlabs/simplicitystudio/v5/developer/toolchains/gnu_arm/7.2_2017q4/bin/../lib/gcc/arm-none-eabi/7.2.1/../../../../arm-none-eabi/lib/thumb/v7e-m/fpv4-sp/softfp/crt0.o (exit)
c:/siliconlabs/simplicitystudio/v5/developer/toolchains/gnu_arm/7.2_2017q4/bin/../lib/gcc/arm-none-eabi/7.2.1/../../../../arm-none-eabi/lib/thumb/v7e-m/fpv4-sp/softfp\libc_nano.a(lib_a-impure.o)
                              c:/siliconlabs/simplicitystudio/v5/developer/toolchains/gnu_arm/7.2_2017q4/bin/../lib/gcc/arm-none-eabi/7.2.1/../../../../arm-none-eabi/lib/thumb/v7e-m/fpv4-sp/softfp\libc_nano.a(lib_a-exit.o) (_global_impure_ptr)
c:/siliconlabs/simplicitystudio/v5/developer/toolchains/gnu_arm/7.2_2017q4/bin/../lib/gcc/arm-none-eabi/7.2.1/../../../../arm-none-eabi/lib/thumb/v7e-m/fpv4-sp/softfp\libc_nano.a(lib_a-init.o)
                              c:/siliconlabs/simplicitystudio/v5/developer/toolchains/gnu_arm/7.2_2017q4/bin/../lib/gcc/arm-none-eabi/7.2.1/../../../../arm-none-eabi/lib/thumb/v7e-m/fpv4-sp/softfp/crt0.o (__libc_init_array)
c:/siliconlabs/simplicitystudio/v5/developer/toolchains/gnu_arm/7.2_2017q4/bin/../lib/gcc/arm-none-eabi/7.2.1/../../../../arm-none-eabi/lib/thumb/v7e-m/fpv4-sp/softfp\libc_nano.a(lib_a-memset.o)
                              c:/siliconlabs/simplicitystudio/v5/developer/toolchains/gnu_arm/7.2_2017q4/bin/../lib/gcc/arm-none-eabi/7.2.1/../../../../arm-none-eabi/lib/thumb/v7e-m/fpv4-sp/softfp/crt0.o (memset)
c:/siliconlabs/simplicitystudio/v5/developer/toolchains/gnu_arm/7.2_2017q4/bin/../lib/gcc/arm-none-eabi/7.2.1/../../../../arm-none-eabi/lib/thumb/v7e-m/fpv4-sp/softfp\libnosys.a(_exit.o)
                              c:/siliconlabs/simplicitystudio/v5/developer/toolchains/gnu_arm/7.2_2017q4/bin/../lib/gcc/arm-none-eabi/7.2.1/../../../../arm-none-eabi/lib/thumb/v7e-m/fpv4-sp/softfp\libc_nano.a(lib_a-exit.o) (_exit)

Discarded input sections

 .text          0x00000000        0x0 c:/siliconlabs/simplicitystudio/v5/developer/toolchains/gnu_arm/7.2_2017q4/bin/../lib/gcc/arm-none-eabi/7.2.1/thumb/v7e-m/fpv4-sp/softfp/crti.o
 .data          0x00000000        0x0 c:/siliconlabs/simplicitystudio/v5/developer/toolchains/gnu_arm/7.2_2017q4/bin/../lib/gcc/arm-none-eabi/7.2.1/thumb/v7e-m/fpv4-sp/softfp/crti.o
 .bss           0x00000000        0x0 c:/siliconlabs/simplicitystudio/v5/developer/toolchains/gnu_arm/7.2_2017q4/bin/../lib/gcc/arm-none-eabi/7.2.1/thumb/v7e-m/fpv4-sp/softfp/crti.o
 .data          0x00000000        0x4 c:/siliconlabs/simplicitystudio/v5/developer/toolchains/gnu_arm/7.2_2017q4/bin/../lib/gcc/arm-none-eabi/7.2.1/thumb/v7e-m/fpv4-sp/softfp/crtbegin.o
 .data          0x00000000        0x0 c:/siliconlabs/simplicitystudio/v5/developer/toolchains/gnu_arm/7.2_2017q4/bin/../lib/gcc/arm-none-eabi/7.2.1/../../../../arm-none-eabi/lib/thumb/v7e-m/fpv4-sp/softfp/crt0.o
 .bss           0x00000000        0x0 c:/siliconlabs/simplicitystudio/v5/developer/toolchains/gnu_arm/7.2_2017q4/bin/../lib/gcc/arm-none-eabi/7.2.1/../../../../arm-none-eabi/lib/thumb/v7e-m/fpv4-sp/softfp/crt0.o
 .ARM.extab     0x00000000        0x0 c:/siliconlabs/simplicitystudio/v5/developer/toolchains/gnu_arm/7.2_2017q4/bin/../lib/gcc/arm-none-eabi/7.2.1/../../../../arm-none-eabi/lib/thumb/v7e-m/fpv4-sp/softfp/crt0.o
 .data          0x00000000        0x0 ./CMSIS/EFM32PG12B/startup_gcc_efm32pg12b.o
 .bss           0x00000000        0x0 ./CMSIS/EFM32PG12B/startup_gcc_efm32pg12b.o
 .text          0x00000000        0x0 ./CMSIS/EFM32PG12B/system_efm32pg12b.o
 .data          0x00000000        0x0 ./CMSIS/EFM32PG12B/system_efm32pg12b.o
 .bss           0x00000000        0x0 ./CMSIS/EFM32PG12B/system_efm32pg12b.o
 .text.SystemHFXOClockSet
                0x00000000       0x3c ./CMSIS/EFM32PG12B/system_efm32pg12b.o
 .text.SystemLFXOClockSet
                0x00000000       0x3c ./CMSIS/EFM32PG12B/system_efm32pg12b.o
 .text          0x00000000        0x0 ./emlib/em_acmp.o
 .data          0x00000000        0x0 ./emlib/em_acmp.o
 .bss           0x00000000        0x0 ./emlib/em_acmp.o
 .text.ACMP_CapsenseInit
                0x00000000       0x44 ./emlib/em_acmp.o
 .text.ACMP_CapsenseChannelSet
                0x00000000       0x1c ./emlib/em_acmp.o
 .text.ACMP_Disable
                0x00000000        0xc ./emlib/em_acmp.o
 .text.ACMP_Enable
                0x00000000        0xc ./emlib/em_acmp.o
 .text.ACMP_ExternalInputSelect
                0x00000000       0x10 ./emlib/em_acmp.o
 .text.ACMP_Reset
                0x00000000       0x18 ./emlib/em_acmp.o
 .text.ACMP_GPIOSetup
                0x00000000       0x28 ./emlib/em_acmp.o
 .text.ACMP_ChannelSet
                0x00000000       0x10 ./emlib/em_acmp.o
 .text.ACMP_Init
                0x00000000       0x64 ./emlib/em_acmp.o
 .text.ACMP_VASetup
                0x00000000       0x54 ./emlib/em_acmp.o
 .text.ACMP_VBSetup
                0x00000000       0x54 ./emlib/em_acmp.o
 .comment       0x00000000       0x7f ./emlib/em_acmp.o
 .ARM.attributes
                0x00000000       0x37 ./emlib/em_acmp.o
 .text          0x00000000        0x0 ./emlib/em_adc.o
 .data          0x00000000        0x0 ./emlib/em_adc.o
 .bss           0x00000000        0x0 ./emlib/em_adc.o
 .text.ADC_LoadDevinfoCal
                0x00000000       0xc0 ./emlib/em_adc.o
 .text.ADC_Init
                0x00000000       0xb8 ./emlib/em_adc.o
 .text.ADC_ScanInputClear
                0x00000000       0x14 ./emlib/em_adc.o
 .text.ADC_ScanSingleEndedInputAdd
                0x00000000       0x40 ./emlib/em_adc.o
 .text.ADC_ScanDifferentialInputAdd
                0x00000000       0xc4 ./emlib/em_adc.o
 .text.ADC_InitScan
                0x00000000       0x9c ./emlib/em_adc.o
 .text.ADC_InitSingle
                0x00000000       0xb4 ./emlib/em_adc.o
 .text.ADC_DataIdScanGet
                0x00000000        0xc ./emlib/em_adc.o
 .text.ADC_PrescaleCalc
                0x00000000       0x40 ./emlib/em_adc.o
 .text.ADC_Reset
                0x00000000       0xb0 ./emlib/em_adc.o
 .text.ADC_TimebaseCalc
                0x00000000       0x30 ./emlib/em_adc.o
 .rodata.CSWTCH.8
                0x00000000       0x14 ./emlib/em_adc.o
 .comment       0x00000000       0x7f ./emlib/em_adc.o
 .ARM.attributes
                0x00000000       0x37 ./emlib/em_adc.o
 .text          0x00000000        0x0 ./emlib/em_aes.o
 .data          0x00000000        0x0 ./emlib/em_aes.o
 .bss           0x00000000        0x0 ./emlib/em_aes.o
 .comment       0x00000000       0x7f ./emlib/em_aes.o
 .ARM.attributes
                0x00000000       0x37 ./emlib/em_aes.o
 .text          0x00000000        0x0 ./emlib/em_assert.o
 .data          0x00000000        0x0 ./emlib/em_assert.o
 .bss           0x00000000        0x0 ./emlib/em_assert.o
 .comment       0x00000000       0x7f ./emlib/em_assert.o
 .ARM.attributes
                0x00000000       0x37 ./emlib/em_assert.o
 .text          0x00000000        0x0 ./emlib/em_burtc.o
 .data          0x00000000        0x0 ./emlib/em_burtc.o
 .bss           0x00000000        0x0 ./emlib/em_burtc.o
 .comment       0x00000000       0x7f ./emlib/em_burtc.o
 .ARM.attributes
                0x00000000       0x37 ./emlib/em_burtc.o
 .text          0x00000000        0x0 ./emlib/em_can.o
 .data          0x00000000        0x0 ./emlib/em_can.o
 .bss           0x00000000        0x0 ./emlib/em_can.o
 .comment       0x00000000       0x7f ./emlib/em_can.o
 .ARM.attributes
                0x00000000       0x37 ./emlib/em_can.o
 .text          0x00000000        0x0 ./emlib/em_cmu.o
 .data          0x00000000        0x0 ./emlib/em_cmu.o
 .bss           0x00000000        0x0 ./emlib/em_cmu.o
 .text.CMU_AUXHFRCOBandGet
                0x00000000        0xc ./emlib/em_cmu.o
 .text.CMU_AUXHFRCOBandSet
                0x00000000      0x104 ./emlib/em_cmu.o
 .text.CMU_Calibrate
                0x00000000       0x58 ./emlib/em_cmu.o
 .text.CMU_CalibrateConfig
                0x00000000       0x70 ./emlib/em_cmu.o
 .text.CMU_CalibrateCountGet
                0x00000000       0x20 ./emlib/em_cmu.o
 .text.CMU_ClockDivGet
                0x00000000        0xc ./emlib/em_cmu.o
 .text.CMU_ClockPrescSet
                0x00000000      0x2b4 ./emlib/em_cmu.o
 .text.CMU_ClockDivSet
                0x00000000        0x8 ./emlib/em_cmu.o
 .text.CMU_LF_ClockPrecisionGet
                0x00000000       0x18 ./emlib/em_cmu.o
 .text.CMU_DPLLLock
                0x00000000      0x20c ./emlib/em_cmu.o
 .text.CMU_FreezeEnable
                0x00000000       0x20 ./emlib/em_cmu.o
 .text.CMU_HFRCOBandGet
                0x00000000        0xc ./emlib/em_cmu.o
 .text.CMU_LCDClkFDIVGet
                0x00000000        0x4 ./emlib/em_cmu.o
 .text.CMU_LCDClkFDIVSet
                0x00000000        0x4 ./emlib/em_cmu.o
 .text.CMU_LFXOPrecisionSet
                0x00000000        0xc ./emlib/em_cmu.o
 .text.CMU_OscillatorTuningGet
                0x00000000       0x40 ./emlib/em_cmu.o
 .text.CMU_OscillatorTuningSet
                0x00000000       0x78 ./emlib/em_cmu.o
 .text.CMU_HFXOAutostartEnable
                0x00000000       0xf4 ./emlib/em_cmu.o
 .text.CMU_LFXOInit
                0x00000000       0x44 ./emlib/em_cmu.o
 .text.CMU_OscillatorTuningOptimize
                0x00000000       0x24 ./emlib/em_cmu.o
 .text.CMU_PCNTClockExternalGet
                0x00000000       0x38 ./emlib/em_cmu.o
 .text.CMU_PCNTClockExternalSet
                0x00000000       0x10 ./emlib/em_cmu.o
 .data.lfxo_precision
                0x00000000        0x2 ./emlib/em_cmu.o
 .rodata.hfrcoCtrlTable
                0x00000000      0x150 ./emlib/em_cmu.o
 .text          0x00000000        0x0 ./emlib/em_cmu_fpga.o
 .data          0x00000000        0x0 ./emlib/em_cmu_fpga.o
 .bss           0x00000000        0x0 ./emlib/em_cmu_fpga.o
 .comment       0x00000000       0x7f ./emlib/em_cmu_fpga.o
 .ARM.attributes
                0x00000000       0x37 ./emlib/em_cmu_fpga.o
 .text          0x00000000        0x0 ./emlib/em_core.o
 .data          0x00000000        0x0 ./emlib/em_core.o
 .bss           0x00000000        0x0 ./emlib/em_core.o
 .text.CORE_CriticalDisableIrq
                0x00000000        0x4 ./emlib/em_core.o
 .text.CORE_CriticalEnableIrq
                0x00000000        0x4 ./emlib/em_core.o
 .text.CORE_YieldCritical
                0x00000000       0x14 ./emlib/em_core.o
 .text.CORE_AtomicDisableIrq
                0x00000000        0x4 ./emlib/em_core.o
 .text.CORE_AtomicEnableIrq
                0x00000000        0x4 ./emlib/em_core.o
 .text.CORE_EnterAtomic
                0x00000000        0x8 ./emlib/em_core.o
 .text.CORE_ExitAtomic
                0x00000000        0x4 ./emlib/em_core.o
 .text.CORE_YieldAtomic
                0x00000000        0x4 ./emlib/em_core.o
 .text.CORE_EnterNvicMask
                0x00000000       0x2c ./emlib/em_core.o
 .text.CORE_NvicDisableMask
                0x00000000       0x20 ./emlib/em_core.o
 .text.CORE_NvicEnableMask
                0x00000000       0x20 ./emlib/em_core.o
 .text.CORE_YieldNvicMask
                0x00000000       0x38 ./emlib/em_core.o
 .text.CORE_NvicMaskSetIRQ
                0x00000000       0x20 ./emlib/em_core.o
 .text.CORE_NvicMaskClearIRQ
                0x00000000       0x20 ./emlib/em_core.o
 .text.CORE_InIrqContext
                0x00000000       0x14 ./emlib/em_core.o
 .text.CORE_IrqIsBlocked
                0x00000000       0x9c ./emlib/em_core.o
 .text.CORE_IrqIsDisabled
                0x00000000        0xc ./emlib/em_core.o
 .text.CORE_GetNvicEnabledMask
                0x00000000       0x20 ./emlib/em_core.o
 .text.CORE_GetNvicMaskDisableState
                0x00000000       0x2c ./emlib/em_core.o
 .text.CORE_NvicIRQDisabled
                0x00000000       0x1c ./emlib/em_core.o
 .text.CORE_GetNvicRamTableHandler
                0x00000000       0x10 ./emlib/em_core.o
 .text.CORE_SetNvicRamTableHandler
                0x00000000       0x10 ./emlib/em_core.o
 .text.CORE_InitNvicVectorTable
                0x00000000       0x44 ./emlib/em_core.o
 .text          0x00000000        0x0 ./emlib/em_cryotimer.o
 .data          0x00000000        0x0 ./emlib/em_cryotimer.o
 .bss           0x00000000        0x0 ./emlib/em_cryotimer.o
 .text.CRYOTIMER_Init
                0x00000000       0x3c ./emlib/em_cryotimer.o
 .comment       0x00000000       0x7f ./emlib/em_cryotimer.o
 .ARM.attributes
                0x00000000       0x37 ./emlib/em_cryotimer.o
 .text          0x00000000        0x0 ./emlib/em_crypto.o
 .data          0x00000000        0x0 ./emlib/em_crypto.o
 .bss           0x00000000        0x0 ./emlib/em_crypto.o
 .text.CRYPTO_ModulusSet
                0x00000000       0x38 ./emlib/em_crypto.o
 .text.CRYPTO_KeyRead
                0x00000000       0x2c ./emlib/em_crypto.o
 .text.CRYPTO_KeyReadUnaligned
                0x00000000       0x90 ./emlib/em_crypto.o
 .text.CRYPTO_SHA_1
                0x00000000      0x2a0 ./emlib/em_crypto.o
 .text.CRYPTO_SHA_256
                0x00000000      0x2c0 ./emlib/em_crypto.o
 .text.CRYPTO_Mul
                0x00000000      0x18c ./emlib/em_crypto.o
 .text.CRYPTO_AES_CBC128
                0x00000000      0x2a8 ./emlib/em_crypto.o
 .text.CRYPTO_AES_CBC256
                0x00000000      0x304 ./emlib/em_crypto.o
 .text.CRYPTO_AES_PCBC128
                0x00000000      0x264 ./emlib/em_crypto.o
 .text.CRYPTO_AES_PCBC256
                0x00000000      0x2bc ./emlib/em_crypto.o
 .text.CRYPTO_AES_CFB128
                0x00000000      0x2a8 ./emlib/em_crypto.o
 .text.CRYPTO_AES_CFB256
                0x00000000      0x304 ./emlib/em_crypto.o
 .text.CRYPTO_AES_CTR128
                0x00000000      0x28c ./emlib/em_crypto.o
 .text.CRYPTO_AES_CTR256
                0x00000000      0x2f0 ./emlib/em_crypto.o
 .text.CRYPTO_AES_CTRUpdate32Bit
                0x00000000        0xc ./emlib/em_crypto.o
 .text.CRYPTO_AES_DecryptKey128
                0x00000000       0x88 ./emlib/em_crypto.o
 .text.CRYPTO_AES_DecryptKey256
                0x00000000       0xf8 ./emlib/em_crypto.o
 .text.CRYPTO_AES_ECB128
                0x00000000      0x1f4 ./emlib/em_crypto.o
 .text.CRYPTO_AES_ECB256
                0x00000000      0x23c ./emlib/em_crypto.o
 .text.CRYPTO_AES_OFB128
                0x00000000      0x24c ./emlib/em_crypto.o
 .text.CRYPTO_AES_OFB256
                0x00000000      0x28c ./emlib/em_crypto.o
 .comment       0x00000000       0x7f ./emlib/em_crypto.o
 .ARM.attributes
                0x00000000       0x37 ./emlib/em_crypto.o
 .text          0x00000000        0x0 ./emlib/em_csen.o
 .data          0x00000000        0x0 ./emlib/em_csen.o
 .bss           0x00000000        0x0 ./emlib/em_csen.o
 .text.CSEN_DMBaselineSet
                0x00000000        0x8 ./emlib/em_csen.o
 .text.CSEN_Init
                0x00000000       0x48 ./emlib/em_csen.o
 .text.CSEN_InitMode
                0x00000000       0x9c ./emlib/em_csen.o
 .text.CSEN_Reset
                0x00000000       0x34 ./emlib/em_csen.o
 .comment       0x00000000       0x7f ./emlib/em_csen.o
 .ARM.attributes
                0x00000000       0x37 ./emlib/em_csen.o
 .text          0x00000000        0x0 ./emlib/em_dac.o
 .data          0x00000000        0x0 ./emlib/em_dac.o
 .bss           0x00000000        0x0 ./emlib/em_dac.o
 .comment       0x00000000       0x7f ./emlib/em_dac.o
 .ARM.attributes
                0x00000000       0x37 ./emlib/em_dac.o
 .text          0x00000000        0x0 ./emlib/em_dbg.o
 .data          0x00000000        0x0 ./emlib/em_dbg.o
 .bss           0x00000000        0x0 ./emlib/em_dbg.o
 .text.DBG_SWOEnable
                0x00000000       0x58 ./emlib/em_dbg.o
 .text.DBG_DisableDebugAccess
                0x00000000       0x58 ./emlib/em_dbg.o
 .comment       0x00000000       0x7f ./emlib/em_dbg.o
 .ARM.attributes
                0x00000000       0x37 ./emlib/em_dbg.o
 .text          0x00000000        0x0 ./emlib/em_dma.o
 .data          0x00000000        0x0 ./emlib/em_dma.o
 .bss           0x00000000        0x0 ./emlib/em_dma.o
 .comment       0x00000000       0x7f ./emlib/em_dma.o
 .ARM.attributes
                0x00000000       0x37 ./emlib/em_dma.o
 .text          0x00000000        0x0 ./emlib/em_ebi.o
 .data          0x00000000        0x0 ./emlib/em_ebi.o
 .bss           0x00000000        0x0 ./emlib/em_ebi.o
 .comment       0x00000000       0x7f ./emlib/em_ebi.o
 .ARM.attributes
                0x00000000       0x37 ./emlib/em_ebi.o
 .text          0x00000000        0x0 ./emlib/em_emu.o
 .data          0x00000000        0x0 ./emlib/em_emu.o
 .bss           0x00000000        0x0 ./emlib/em_emu.o
 .text.vmonCalibratedThreshold
                0x00000000       0xa4 ./emlib/em_emu.o
 .text.EMU_Save
                0x00000000        0x4 ./emlib/em_emu.o
 .text.EMU_Restore
                0x00000000        0x4 ./emlib/em_emu.o
 .text.EMU_EnterEM4
                0x00000000       0x30 ./emlib/em_emu.o
 .text.EMU_EnterEM4H
                0x00000000       0x3c ./emlib/em_emu.o
 .text.EMU_EnterEM4S
                0x00000000       0x3c ./emlib/em_emu.o
 .text.EMU_MemPwrDown
                0x00000000       0x10 ./emlib/em_emu.o
 .text.EMU_RamPowerDown
                0x00000000       0xd0 ./emlib/em_emu.o
 .text.EMU_RamPowerUp
                0x00000000       0x14 ./emlib/em_emu.o
 .text.EMU_PeripheralRetention
                0x00000000        0xc ./emlib/em_emu.o
 .text.EMU_UpdateOscConfig
                0x00000000        0x4 ./emlib/em_emu.o
 .text.EMU_EM01Init
                0x00000000       0x20 ./emlib/em_emu.o
 .text.EMU_EM4Init
                0x00000000       0x54 ./emlib/em_emu.o
 .text.EMU_DCDCModeEM23Set
                0x00000000       0x30 ./emlib/em_emu.o
 .text.EMU_DCDCConductionModeSet
                0x00000000       0xac ./emlib/em_emu.o
 .text.EMU_DCDCLnRcoBandSet
                0x00000000       0x24 ./emlib/em_emu.o
 .text.EMU_DCDCPowerOff
                0x00000000       0x28 ./emlib/em_emu.o
 .text.EMU_VmonInit
                0x00000000      0x108 ./emlib/em_emu.o
 .text.EMU_VmonHystInit
                0x00000000       0x74 ./emlib/em_emu.o
 .text.EMU_VmonEnable
                0x00000000       0x30 ./emlib/em_emu.o
 .text.EMU_VmonChannelStatusGet
                0x00000000       0x2c ./emlib/em_emu.o
 .text.EMU_TemperatureGet
                0x00000000       0x64 ./emlib/em_emu.o
 .rodata.CSWTCH.119
                0x00000000       0x10 ./emlib/em_emu.o
 .text          0x00000000        0x0 ./emlib/em_eusart.o
 .data          0x00000000        0x0 ./emlib/em_eusart.o
 .bss           0x00000000        0x0 ./emlib/em_eusart.o
 .comment       0x00000000       0x7f ./emlib/em_eusart.o
 .ARM.attributes
                0x00000000       0x37 ./emlib/em_eusart.o
 .text          0x00000000        0x0 ./emlib/em_gpcrc.o
 .data          0x00000000        0x0 ./emlib/em_gpcrc.o
 .bss           0x00000000        0x0 ./emlib/em_gpcrc.o
 .text.GPCRC_Init
                0x00000000       0x48 ./emlib/em_gpcrc.o
 .text.GPCRC_Reset
                0x00000000        0xc ./emlib/em_gpcrc.o
 .comment       0x00000000       0x7f ./emlib/em_gpcrc.o
 .ARM.attributes
                0x00000000       0x37 ./emlib/em_gpcrc.o
 .text          0x00000000        0x0 ./emlib/em_gpio.o
 .data          0x00000000        0x0 ./emlib/em_gpio.o
 .bss           0x00000000        0x0 ./emlib/em_gpio.o
 .text.GPIO_DbgLocationSet
                0x00000000       0x18 ./emlib/em_gpio.o
 .text.GPIO_PinModeGet
                0x00000000       0x34 ./emlib/em_gpio.o
 .text.GPIO_EM4EnablePinWakeup
                0x00000000       0x54 ./emlib/em_gpio.o
 .text          0x00000000        0x0 ./emlib/em_i2c.o
 .data          0x00000000        0x0 ./emlib/em_i2c.o
 .bss           0x00000000        0x0 ./emlib/em_i2c.o
 .text.I2C_BusFreqGet
                0x00000000       0x50 ./emlib/em_i2c.o
 .text.I2C_BusFreqSet
                0x00000000        0x8 ./emlib/em_i2c.o
 .text.I2C_Enable
                0x00000000        0xc ./emlib/em_i2c.o
 .text.I2C_Reset
                0x00000000       0x28 ./emlib/em_i2c.o
 .text.I2C_Transfer
                0x00000000      0x23c ./emlib/em_i2c.o
 .text.I2C_TransferInit
                0x00000000       0x88 ./emlib/em_i2c.o
 .bss.i2cTransfer
                0x00000000       0x18 ./emlib/em_i2c.o
 .text          0x00000000        0x0 ./emlib/em_iadc.o
 .data          0x00000000        0x0 ./emlib/em_iadc.o
 .bss           0x00000000        0x0 ./emlib/em_iadc.o
 .comment       0x00000000       0x7f ./emlib/em_iadc.o
 .ARM.attributes
                0x00000000       0x37 ./emlib/em_iadc.o
 .text          0x00000000        0x0 ./emlib/em_idac.o
 .data          0x00000000        0x0 ./emlib/em_idac.o
 .bss           0x00000000        0x0 ./emlib/em_idac.o
 .text.IDAC_Init
                0x00000000       0x28 ./emlib/em_idac.o
 .text.IDAC_Enable
                0x00000000        0xc ./emlib/em_idac.o
 .text.IDAC_Reset
                0x00000000       0x10 ./emlib/em_idac.o
 .text.IDAC_MinimalOutputTransitionMode
                0x00000000        0xc ./emlib/em_idac.o
 .text.IDAC_RangeSet
                0x00000000       0xb0 ./emlib/em_idac.o
 .text.IDAC_StepSet
                0x00000000       0x10 ./emlib/em_idac.o
 .text.IDAC_OutEnable
                0x00000000        0xc ./emlib/em_idac.o
 .comment       0x00000000       0x7f ./emlib/em_idac.o
 .ARM.attributes
                0x00000000       0x37 ./emlib/em_idac.o
 .text          0x00000000        0x0 ./emlib/em_lcd.o
 .data          0x00000000        0x0 ./emlib/em_lcd.o
 .bss           0x00000000        0x0 ./emlib/em_lcd.o
 .comment       0x00000000       0x7f ./emlib/em_lcd.o
 .ARM.attributes
                0x00000000       0x37 ./emlib/em_lcd.o
 .text          0x00000000        0x0 ./emlib/em_ldma.o
 .data          0x00000000        0x0 ./emlib/em_ldma.o
 .bss           0x00000000        0x0 ./emlib/em_ldma.o
 .text.LDMA_DeInit
                0x00000000       0x2c ./emlib/em_ldma.o
 .text.LDMA_EnableChannelRequest
                0x00000000       0x14 ./emlib/em_ldma.o
 .text.LDMA_Init
                0x00000000       0x54 ./emlib/em_ldma.o
 .text.LDMA_StartTransfer
                0x00000000       0xa0 ./emlib/em_ldma.o
 .text.LDMA_StopTransfer
                0x00000000       0x2c ./emlib/em_ldma.o
 .text.LDMA_TransferDone
                0x00000000       0x38 ./emlib/em_ldma.o
 .text.LDMA_TransferRemainingCount
                0x00000000       0x40 ./emlib/em_ldma.o
 .comment       0x00000000       0x7f ./emlib/em_ldma.o
 .ARM.attributes
                0x00000000       0x37 ./emlib/em_ldma.o
 .text          0x00000000        0x0 ./emlib/em_lesense.o
 .data          0x00000000        0x0 ./emlib/em_lesense.o
 .bss           0x00000000        0x0 ./emlib/em_lesense.o
 .text.LESENSE_ScanFreqSet
                0x00000000       0x68 ./emlib/em_lesense.o
 .text.LESENSE_ScanModeSet
                0x00000000       0x28 ./emlib/em_lesense.o
 .text.LESENSE_StartDelaySet
                0x00000000       0x14 ./emlib/em_lesense.o
 .text.LESENSE_ClkDivSet
                0x00000000       0x28 ./emlib/em_lesense.o
 .text.LESENSE_ChannelConfig
                0x00000000       0xf8 ./emlib/em_lesense.o
 .text.LESENSE_ChannelAllConfig
                0x00000000       0x1c ./emlib/em_lesense.o
 .text.LESENSE_AltExConfig
                0x00000000       0x70 ./emlib/em_lesense.o
 .text.LESENSE_ChannelEnable
                0x00000000       0x14 ./emlib/em_lesense.o
 .text.LESENSE_ChannelEnableMask
                0x00000000        0xc ./emlib/em_lesense.o
 .text.LESENSE_ChannelTimingSet
                0x00000000       0x18 ./emlib/em_lesense.o
 .text.LESENSE_ChannelThresSet
                0x00000000       0x34 ./emlib/em_lesense.o
 .text.LESENSE_ChannelSlidingWindow
                0x00000000       0x34 ./emlib/em_lesense.o
 .text.LESENSE_ChannelStepDetection
                0x00000000       0x34 ./emlib/em_lesense.o
 .text.LESENSE_WindowSizeSet
                0x00000000       0x14 ./emlib/em_lesense.o
 .text.LESENSE_StepSizeSet
                0x00000000       0x14 ./emlib/em_lesense.o
 .text.LESENSE_DecoderStateConfig
                0x00000000       0x50 ./emlib/em_lesense.o
 .text.LESENSE_DecoderStateAllConfig
                0x00000000       0x1c ./emlib/em_lesense.o
 .text.LESENSE_DecoderStateSet
                0x00000000       0x10 ./emlib/em_lesense.o
 .text.LESENSE_DecoderStateGet
                0x00000000       0x10 ./emlib/em_lesense.o
 .text.LESENSE_DecoderPrsOut
                0x00000000       0x14 ./emlib/em_lesense.o
 .text.LESENSE_ScanStart
                0x00000000       0x1c ./emlib/em_lesense.o
 .text.LESENSE_ScanStop
                0x00000000       0x1c ./emlib/em_lesense.o
 .text.LESENSE_DecoderStart
                0x00000000       0x1c ./emlib/em_lesense.o
 .text.LESENSE_ResultBufferClear
                0x00000000       0x1c ./emlib/em_lesense.o
 .text.LESENSE_Reset
                0x00000000       0x8c ./emlib/em_lesense.o
 .text.LESENSE_Init
                0x00000000      0x114 ./emlib/em_lesense.o
 .comment       0x00000000       0x7f ./emlib/em_lesense.o
 .ARM.attributes
                0x00000000       0x37 ./emlib/em_lesense.o
 .text          0x00000000        0x0 ./emlib/em_letimer.o
 .data          0x00000000        0x0 ./emlib/em_letimer.o
 .bss           0x00000000        0x0 ./emlib/em_letimer.o
 .text.LETIMER_CompareGet
                0x00000000       0x14 ./emlib/em_letimer.o
 .text.LETIMER_CounterGet
                0x00000000        0x4 ./emlib/em_letimer.o
 .text.LETIMER_CounterSet
                0x00000000        0x4 ./emlib/em_letimer.o
 .text.LETIMER_CompareSet
                0x00000000       0x14 ./emlib/em_letimer.o
 .text.LETIMER_RepeatGet
                0x00000000       0x14 ./emlib/em_letimer.o
 .text.LETIMER_RepeatSet
                0x00000000       0x14 ./emlib/em_letimer.o
 .text.LETIMER_Reset
                0x00000000       0x24 ./emlib/em_letimer.o
 .text.LETIMER_SyncWait
                0x00000000        0x8 ./emlib/em_letimer.o
 .text.LETIMER_TopSet
                0x00000000       0x14 ./emlib/em_letimer.o
 .text.LETIMER_TopGet
                0x00000000        0x4 ./emlib/em_letimer.o
 .text          0x00000000        0x0 ./emlib/em_leuart.o
 .data          0x00000000        0x0 ./emlib/em_leuart.o
 .bss           0x00000000        0x0 ./emlib/em_leuart.o
 .text.LEUART_BaudrateCalc
                0x00000000       0x20 ./emlib/em_leuart.o
 .text.LEUART_BaudrateGet
                0x00000000       0x40 ./emlib/em_leuart.o
 .text.LEUART_BaudrateSet
                0x00000000       0x54 ./emlib/em_leuart.o
 .text.LEUART_Enable
                0x00000000       0x1c ./emlib/em_leuart.o
 .text.LEUART_FreezeEnable
                0x00000000       0x14 ./emlib/em_leuart.o
 .text.LEUART_Init
                0x00000000       0x48 ./emlib/em_leuart.o
 .text.LEUART_Reset
                0x00000000       0x30 ./emlib/em_leuart.o
 .text.LEUART_Rx
                0x00000000        0xc ./emlib/em_leuart.o
 .text.LEUART_RxExt
                0x00000000        0xc ./emlib/em_leuart.o
 .text.LEUART_Tx
                0x00000000       0x18 ./emlib/em_leuart.o
 .text.LEUART_TxExt
                0x00000000       0x18 ./emlib/em_leuart.o
 .text.LEUART_TxDmaInEM2Enable
                0x00000000       0x28 ./emlib/em_leuart.o
 .text.LEUART_RxDmaInEM2Enable
                0x00000000       0x28 ./emlib/em_leuart.o
 .comment       0x00000000       0x7f ./emlib/em_leuart.o
 .ARM.attributes
                0x00000000       0x37 ./emlib/em_leuart.o
 .text          0x00000000        0x0 ./emlib/em_msc.o
 .data          0x00000000        0x0 ./emlib/em_msc.o
 .bss           0x00000000        0x0 ./emlib/em_msc.o
 .text.MSC_LoadWriteData.part.0
                0x00000000       0x5c ./emlib/em_msc.o
 .ram           0x00000000       0x54 ./emlib/em_msc.o
 .text.MSC_Init
                0x00000000       0x20 ./emlib/em_msc.o
 .text.MSC_Deinit
                0x00000000       0x14 ./emlib/em_msc.o
 .text.MSC_ExecConfigSet
                0x00000000       0x48 ./emlib/em_msc.o
 .text.MSC_LoadVerifyAddress
                0x00000000       0x38 ./emlib/em_msc.o
 .text.MSC_LoadWriteData
                0x00000000        0xc ./emlib/em_msc.o
 .text.MSC_WriteWordI
                0x00000000       0xb8 ./emlib/em_msc.o
 .text.MSC_ErasePage
                0x00000000       0xdc ./emlib/em_msc.o
 .text.MSC_WriteWord
                0x00000000        0x4 ./emlib/em_msc.o
 .text.MSC_WriteWordFast
                0x00000000        0x4 ./emlib/em_msc.o
 .text.MSC_WriteWordDma
                0x00000000      0x124 ./emlib/em_msc.o
 .comment       0x00000000       0x7f ./emlib/em_msc.o
 .ARM.attributes
                0x00000000       0x37 ./emlib/em_msc.o
 .text          0x00000000        0x0 ./emlib/em_opamp.o
 .data          0x00000000        0x0 ./emlib/em_opamp.o
 .bss           0x00000000        0x0 ./emlib/em_opamp.o
 .text.OPAMP_Disable
                0x00000000       0x3c ./emlib/em_opamp.o
 .text.OPAMP_Enable
                0x00000000      0x290 ./emlib/em_opamp.o
 .rodata.CSWTCH.22
                0x00000000        0xc ./emlib/em_opamp.o
 .comment       0x00000000       0x7f ./emlib/em_opamp.o
 .ARM.attributes
                0x00000000       0x37 ./emlib/em_opamp.o
 .text          0x00000000        0x0 ./emlib/em_pcnt.o
 .data          0x00000000        0x0 ./emlib/em_pcnt.o
 .bss           0x00000000        0x0 ./emlib/em_pcnt.o
 .text.PCNT_CounterReset
                0x00000000       0x10 ./emlib/em_pcnt.o
 .text.PCNT_Enable
                0x00000000       0x1c ./emlib/em_pcnt.o
 .text.PCNT_IsEnabled
                0x00000000        0xc ./emlib/em_pcnt.o
 .text.PCNT_CounterTopSet
                0x00000000       0xe0 ./emlib/em_pcnt.o
 .text.PCNT_PRSInputEnable
                0x00000000       0x20 ./emlib/em_pcnt.o
 .text.PCNT_FreezeEnable
                0x00000000       0x14 ./emlib/em_pcnt.o
 .text.PCNT_Init
                0x00000000      0x11c ./emlib/em_pcnt.o
 .text.PCNT_Reset
                0x00000000       0x54 ./emlib/em_pcnt.o
 .text.PCNT_FilterConfiguration
                0x00000000       0x4c ./emlib/em_pcnt.o
 .text.PCNT_TCCConfiguration
                0x00000000       0x54 ./emlib/em_pcnt.o
 .text.PCNT_TopBufferSet
                0x00000000       0x10 ./emlib/em_pcnt.o
 .text.PCNT_TopSet
                0x00000000       0x2c ./emlib/em_pcnt.o
 .comment       0x00000000       0x7f ./emlib/em_pcnt.o
 .ARM.attributes
                0x00000000       0x37 ./emlib/em_pcnt.o
 .text          0x00000000        0x0 ./emlib/em_pdm.o
 .data          0x00000000        0x0 ./emlib/em_pdm.o
 .bss           0x00000000        0x0 ./emlib/em_pdm.o
 .comment       0x00000000       0x7f ./emlib/em_pdm.o
 .ARM.attributes
                0x00000000       0x37 ./emlib/em_pdm.o
 .text          0x00000000        0x0 ./emlib/em_prs.o
 .data          0x00000000        0x0 ./emlib/em_prs.o
 .bss           0x00000000        0x0 ./emlib/em_prs.o
 .text.PRS_SourceSignalSet
                0x00000000       0x24 ./emlib/em_prs.o
 .text.PRS_SourceAsyncSignalSet
                0x00000000       0x1c ./emlib/em_prs.o
 .text.PRS_GpioOutputLocation
                0x00000000       0x30 ./emlib/em_prs.o
 .text.PRS_GetFreeChannel
                0x00000000       0x24 ./emlib/em_prs.o
 .text.PRS_Reset
                0x00000000       0x20 ./emlib/em_prs.o
 .text.PRS_ConnectSignal
                0x00000000       0x20 ./emlib/em_prs.o
 .comment       0x00000000       0x7f ./emlib/em_prs.o
 .ARM.attributes
                0x00000000       0x37 ./emlib/em_prs.o
 .text          0x00000000        0x0 ./emlib/em_qspi.o
 .data          0x00000000        0x0 ./emlib/em_qspi.o
 .bss           0x00000000        0x0 ./emlib/em_qspi.o
 .comment       0x00000000       0x7f ./emlib/em_qspi.o
 .ARM.attributes
                0x00000000       0x37 ./emlib/em_qspi.o
 .text          0x00000000        0x0 ./emlib/em_rmu.o
 .data          0x00000000        0x0 ./emlib/em_rmu.o
 .bss           0x00000000        0x0 ./emlib/em_rmu.o
 .text.RMU_ResetControl
                0x00000000       0x24 ./emlib/em_rmu.o
 .text.RMU_ResetCauseClear
                0x00000000        0xc ./emlib/em_rmu.o
 .text.RMU_ResetCauseGet
                0x00000000       0x60 ./emlib/em_rmu.o
 .rodata.resetCauseMasks
                0x00000000       0x48 ./emlib/em_rmu.o
 .comment       0x00000000       0x7f ./emlib/em_rmu.o
 .ARM.attributes
                0x00000000       0x37 ./emlib/em_rmu.o
 .text          0x00000000        0x0 ./emlib/em_rtc.o
 .data          0x00000000        0x0 ./emlib/em_rtc.o
 .bss           0x00000000        0x0 ./emlib/em_rtc.o
 .comment       0x00000000       0x7f ./emlib/em_rtc.o
 .ARM.attributes
                0x00000000       0x37 ./emlib/em_rtc.o
 .text          0x00000000        0x0 ./emlib/em_rtcc.o
 .data          0x00000000        0x0 ./emlib/em_rtcc.o
 .bss           0x00000000        0x0 ./emlib/em_rtcc.o
 .text.RTCC_ChannelInit
                0x00000000       0x38 ./emlib/em_rtcc.o
 .text.RTCC_Enable
                0x00000000        0xc ./emlib/em_rtcc.o
 .text.RTCC_Init
                0x00000000       0x64 ./emlib/em_rtcc.o
 .text.RTCC_Reset
                0x00000000       0x94 ./emlib/em_rtcc.o
 .text.RTCC_StatusClear
                0x00000000       0x14 ./emlib/em_rtcc.o
 .comment       0x00000000       0x7f ./emlib/em_rtcc.o
 .ARM.attributes
                0x00000000       0x37 ./emlib/em_rtcc.o
 .text          0x00000000        0x0 ./emlib/em_se.o
 .data          0x00000000        0x0 ./emlib/em_se.o
 .bss           0x00000000        0x0 ./emlib/em_se.o
 .comment       0x00000000       0x7f ./emlib/em_se.o
 .ARM.attributes
                0x00000000       0x37 ./emlib/em_se.o
 .text          0x00000000        0x0 ./emlib/em_system.o
 .data          0x00000000        0x0 ./emlib/em_system.o
 .bss           0x00000000        0x0 ./emlib/em_system.o
 .text.SYSTEM_ChipRevisionGet
                0x00000000       0x34 ./emlib/em_system.o
 .text.SYSTEM_GetCalibrationValue
                0x00000000       0x2c ./emlib/em_system.o
 .text.SYSTEM_GetSecurityCapability
                0x00000000        0x4 ./emlib/em_system.o
 .comment       0x00000000       0x7f ./emlib/em_system.o
 .ARM.attributes
                0x00000000       0x37 ./emlib/em_system.o
 .text          0x00000000        0x0 ./emlib/em_timer.o
 .data          0x00000000        0x0 ./emlib/em_timer.o
 .bss           0x00000000        0x0 ./emlib/em_timer.o
 .text.TIMER_InitCC
                0x00000000       0x78 ./emlib/em_timer.o
 .text.TIMER_InitDTI
                0x00000000       0xe4 ./emlib/em_timer.o
 .text.TIMER_Reset
                0x00000000       0x54 ./emlib/em_timer.o
 .text          0x00000000        0x0 ./emlib/em_usart.o
 .data          0x00000000        0x0 ./emlib/em_usart.o
 .bss           0x00000000        0x0 ./emlib/em_usart.o
 .text.USART_BaudrateAsyncSet
                0x00000000       0x68 ./emlib/em_usart.o
 .text.USART_BaudrateCalc
                0x00000000       0x80 ./emlib/em_usart.o
 .text.USART_BaudrateGet
                0x00000000       0x9c ./emlib/em_usart.o
 .text.USART_BaudrateSyncSet
                0x00000000       0x24 ./emlib/em_usart.o
 .text.USART_Enable
                0x00000000       0x10 ./emlib/em_usart.o
 .text.USART_InitPrsTrigger
                0x00000000       0x38 ./emlib/em_usart.o
 .text.USART_Reset
                0x00000000       0x64 ./emlib/em_usart.o
 .text.USART_InitAsync
                0x00000000       0x70 ./emlib/em_usart.o
 .text.USARTn_InitIrDA
                0x00000000       0x48 ./emlib/em_usart.o
 .text.USART_InitSync
                0x00000000       0x94 ./emlib/em_usart.o
 .text.USART_InitI2s
                0x00000000       0x54 ./emlib/em_usart.o
 .text.USART_Rx
                0x00000000        0xc ./emlib/em_usart.o
 .text.USART_RxDouble
                0x00000000        0xc ./emlib/em_usart.o
 .text.USART_RxDoubleExt
                0x00000000        0xc ./emlib/em_usart.o
 .text.USART_RxExt
                0x00000000        0xc ./emlib/em_usart.o
 .text.USART_SpiTransfer
                0x00000000       0x14 ./emlib/em_usart.o
 .text.USART_Tx
                0x00000000        0xc ./emlib/em_usart.o
 .text.USART_TxDouble
                0x00000000        0xc ./emlib/em_usart.o
 .text.USART_TxDoubleExt
                0x00000000        0xc ./emlib/em_usart.o
 .text.USART_TxExt
                0x00000000        0xc ./emlib/em_usart.o
 .comment       0x00000000       0x7f ./emlib/em_usart.o
 .ARM.attributes
                0x00000000       0x37 ./emlib/em_usart.o
 .text          0x00000000        0x0 ./emlib/em_vcmp.o
 .data          0x00000000        0x0 ./emlib/em_vcmp.o
 .bss           0x00000000        0x0 ./emlib/em_vcmp.o
 .comment       0x00000000       0x7f ./emlib/em_vcmp.o
 .ARM.attributes
                0x00000000       0x37 ./emlib/em_vcmp.o
 .text          0x00000000        0x0 ./emlib/em_vdac.o
 .data          0x00000000        0x0 ./emlib/em_vdac.o
 .bss           0x00000000        0x0 ./emlib/em_vdac.o
 .text.VDAC_Enable
                0x00000000       0x38 ./emlib/em_vdac.o
 .text.VDAC_Init
                0x00000000       0xe4 ./emlib/em_vdac.o
 .text.VDAC_InitChannel
                0x00000000       0x50 ./emlib/em_vdac.o
 .text.VDAC_ChannelOutputSet
                0x00000000       0x10 ./emlib/em_vdac.o
 .text.VDAC_PrescaleCalc
                0x00000000       0x44 ./emlib/em_vdac.o
 .text.VDAC_Reset
                0x00000000       0x34 ./emlib/em_vdac.o
 .comment       0x00000000       0x7f ./emlib/em_vdac.o
 .ARM.attributes
                0x00000000       0x37 ./emlib/em_vdac.o
 .text          0x00000000        0x0 ./emlib/em_wdog.o
 .data          0x00000000        0x0 ./emlib/em_wdog.o
 .bss           0x00000000        0x0 ./emlib/em_wdog.o
 .text.WDOGn_Enable
                0x00000000       0x30 ./emlib/em_wdog.o
 .text.WDOGn_Feed
                0x00000000       0x18 ./emlib/em_wdog.o
 .text.WDOGn_Init
                0x00000000       0x9c ./emlib/em_wdog.o
 .text.WDOGn_Lock
                0x00000000       0x14 ./emlib/em_wdog.o
 .text.WDOGn_SyncWait
                0x00000000        0x8 ./emlib/em_wdog.o
 .text.WDOGn_Unlock
                0x00000000        0x4 ./emlib/em_wdog.o
 .comment       0x00000000       0x7f ./emlib/em_wdog.o
 .ARM.attributes
                0x00000000       0x37 ./emlib/em_wdog.o
 .text          0x00000000        0x0 ./src/Source_Files/HW_delay.o
 .data          0x00000000        0x0 ./src/Source_Files/HW_delay.o
 .bss           0x00000000        0x0 ./src/Source_Files/HW_delay.o
 .text          0x00000000        0x0 ./src/Source_Files/Si7021.o
 .data          0x00000000        0x0 ./src/Source_Files/Si7021.o
 .bss           0x00000000        0x0 ./src/Source_Files/Si7021.o
 .text          0x00000000        0x0 ./src/Source_Files/app.o
 .data          0x00000000        0x0 ./src/Source_Files/app.o
 .bss           0x00000000        0x0 ./src/Source_Files/app.o
 .text.scheduled_gpio_odd_irq_cb
                0x00000000       0x24 ./src/Source_Files/app.o
 .text.scheduled_gpio_even_irq_cb
                0x00000000       0x24 ./src/Source_Files/app.o
 .text          0x00000000        0x0 ./src/Source_Files/cmu.o
 .data          0x00000000        0x0 ./src/Source_Files/cmu.o
 .bss           0x00000000        0x0 ./src/Source_Files/cmu.o
 .text          0x00000000        0x0 ./src/Source_Files/gpio.o
 .data          0x00000000        0x0 ./src/Source_Files/gpio.o
 .bss           0x00000000        0x0 ./src/Source_Files/gpio.o
 .text          0x00000000        0x0 ./src/Source_Files/i2c.o
 .data          0x00000000        0x0 ./src/Source_Files/i2c.o
 .bss           0x00000000        0x0 ./src/Source_Files/i2c.o
 .text.i2c_bus_reset
                0x00000000       0x2c ./src/Source_Files/i2c.o
 .text.i2c_nack
                0x00000000       0x18 ./src/Source_Files/i2c.o
 .text.i2c_rxstate
                0x00000000        0xc ./src/Source_Files/i2c.o
 .text.i2c_mstop
                0x00000000        0xc ./src/Source_Files/i2c.o
 .text          0x00000000        0x0 ./src/Source_Files/letimer.o
 .data          0x00000000        0x0 ./src/Source_Files/letimer.o
 .bss           0x00000000        0x0 ./src/Source_Files/letimer.o
 .text          0x00000000        0x0 ./src/Source_Files/scheduler.o
 .data          0x00000000        0x0 ./src/Source_Files/scheduler.o
 .bss           0x00000000        0x0 ./src/Source_Files/scheduler.o
 .text          0x00000000        0x0 ./src/Source_Files/sleep_routines.o
 .data          0x00000000        0x0 ./src/Source_Files/sleep_routines.o
 .bss           0x00000000        0x0 ./src/Source_Files/sleep_routines.o
 .text.current_block_energy_mode
                0x00000000       0x1c ./src/Source_Files/sleep_routines.o
 .text          0x00000000        0x0 ./src/main.o
 .data          0x00000000        0x0 ./src/main.o
 .bss           0x00000000        0x0 ./src/main.o
 .text          0x00000000       0xa0 c:/siliconlabs/simplicitystudio/v5/developer/toolchains/gnu_arm/7.2_2017q4/bin/../lib/gcc/arm-none-eabi/7.2.1/thumb/v7e-m/fpv4-sp/softfp\libgcc.a(_aeabi_ldivmod.o)
 .data          0x00000000        0x0 c:/siliconlabs/simplicitystudio/v5/developer/toolchains/gnu_arm/7.2_2017q4/bin/../lib/gcc/arm-none-eabi/7.2.1/thumb/v7e-m/fpv4-sp/softfp\libgcc.a(_aeabi_ldivmod.o)
 .bss           0x00000000        0x0 c:/siliconlabs/simplicitystudio/v5/developer/toolchains/gnu_arm/7.2_2017q4/bin/../lib/gcc/arm-none-eabi/7.2.1/thumb/v7e-m/fpv4-sp/softfp\libgcc.a(_aeabi_ldivmod.o)
 .debug_frame   0x00000000       0x44 c:/siliconlabs/simplicitystudio/v5/developer/toolchains/gnu_arm/7.2_2017q4/bin/../lib/gcc/arm-none-eabi/7.2.1/thumb/v7e-m/fpv4-sp/softfp\libgcc.a(_aeabi_ldivmod.o)
 .ARM.attributes
                0x00000000       0x22 c:/siliconlabs/simplicitystudio/v5/developer/toolchains/gnu_arm/7.2_2017q4/bin/../lib/gcc/arm-none-eabi/7.2.1/thumb/v7e-m/fpv4-sp/softfp\libgcc.a(_aeabi_ldivmod.o)
 .text          0x00000000       0x30 c:/siliconlabs/simplicitystudio/v5/developer/toolchains/gnu_arm/7.2_2017q4/bin/../lib/gcc/arm-none-eabi/7.2.1/thumb/v7e-m/fpv4-sp/softfp\libgcc.a(_aeabi_uldivmod.o)
 .data          0x00000000        0x0 c:/siliconlabs/simplicitystudio/v5/developer/toolchains/gnu_arm/7.2_2017q4/bin/../lib/gcc/arm-none-eabi/7.2.1/thumb/v7e-m/fpv4-sp/softfp\libgcc.a(_aeabi_uldivmod.o)
 .bss           0x00000000        0x0 c:/siliconlabs/simplicitystudio/v5/developer/toolchains/gnu_arm/7.2_2017q4/bin/../lib/gcc/arm-none-eabi/7.2.1/thumb/v7e-m/fpv4-sp/softfp\libgcc.a(_aeabi_uldivmod.o)
 .debug_frame   0x00000000       0x2c c:/siliconlabs/simplicitystudio/v5/developer/toolchains/gnu_arm/7.2_2017q4/bin/../lib/gcc/arm-none-eabi/7.2.1/thumb/v7e-m/fpv4-sp/softfp\libgcc.a(_aeabi_uldivmod.o)
 .ARM.attributes
                0x00000000       0x22 c:/siliconlabs/simplicitystudio/v5/developer/toolchains/gnu_arm/7.2_2017q4/bin/../lib/gcc/arm-none-eabi/7.2.1/thumb/v7e-m/fpv4-sp/softfp\libgcc.a(_aeabi_uldivmod.o)
 .text          0x00000000      0x2cc c:/siliconlabs/simplicitystudio/v5/developer/toolchains/gnu_arm/7.2_2017q4/bin/../lib/gcc/arm-none-eabi/7.2.1/thumb/v7e-m/fpv4-sp/softfp\libgcc.a(_udivmoddi4.o)
 .data          0x00000000        0x0 c:/siliconlabs/simplicitystudio/v5/developer/toolchains/gnu_arm/7.2_2017q4/bin/../lib/gcc/arm-none-eabi/7.2.1/thumb/v7e-m/fpv4-sp/softfp\libgcc.a(_udivmoddi4.o)
 .bss           0x00000000        0x0 c:/siliconlabs/simplicitystudio/v5/developer/toolchains/gnu_arm/7.2_2017q4/bin/../lib/gcc/arm-none-eabi/7.2.1/thumb/v7e-m/fpv4-sp/softfp\libgcc.a(_udivmoddi4.o)
 .ARM.extab     0x00000000        0x0 c:/siliconlabs/simplicitystudio/v5/developer/toolchains/gnu_arm/7.2_2017q4/bin/../lib/gcc/arm-none-eabi/7.2.1/thumb/v7e-m/fpv4-sp/softfp\libgcc.a(_udivmoddi4.o)
 .ARM.exidx     0x00000000        0x8 c:/siliconlabs/simplicitystudio/v5/developer/toolchains/gnu_arm/7.2_2017q4/bin/../lib/gcc/arm-none-eabi/7.2.1/thumb/v7e-m/fpv4-sp/softfp\libgcc.a(_udivmoddi4.o)
 .debug_frame   0x00000000       0x34 c:/siliconlabs/simplicitystudio/v5/developer/toolchains/gnu_arm/7.2_2017q4/bin/../lib/gcc/arm-none-eabi/7.2.1/thumb/v7e-m/fpv4-sp/softfp\libgcc.a(_udivmoddi4.o)
 .ARM.attributes
                0x00000000       0x32 c:/siliconlabs/simplicitystudio/v5/developer/toolchains/gnu_arm/7.2_2017q4/bin/../lib/gcc/arm-none-eabi/7.2.1/thumb/v7e-m/fpv4-sp/softfp\libgcc.a(_udivmoddi4.o)
 .text          0x00000000        0x4 c:/siliconlabs/simplicitystudio/v5/developer/toolchains/gnu_arm/7.2_2017q4/bin/../lib/gcc/arm-none-eabi/7.2.1/thumb/v7e-m/fpv4-sp/softfp\libgcc.a(_dvmd_tls.o)
 .data          0x00000000        0x0 c:/siliconlabs/simplicitystudio/v5/developer/toolchains/gnu_arm/7.2_2017q4/bin/../lib/gcc/arm-none-eabi/7.2.1/thumb/v7e-m/fpv4-sp/softfp\libgcc.a(_dvmd_tls.o)
 .bss           0x00000000        0x0 c:/siliconlabs/simplicitystudio/v5/developer/toolchains/gnu_arm/7.2_2017q4/bin/../lib/gcc/arm-none-eabi/7.2.1/thumb/v7e-m/fpv4-sp/softfp\libgcc.a(_dvmd_tls.o)
 .ARM.attributes
                0x00000000       0x22 c:/siliconlabs/simplicitystudio/v5/developer/toolchains/gnu_arm/7.2_2017q4/bin/../lib/gcc/arm-none-eabi/7.2.1/thumb/v7e-m/fpv4-sp/softfp\libgcc.a(_dvmd_tls.o)
 .text          0x00000000        0x0 c:/siliconlabs/simplicitystudio/v5/developer/toolchains/gnu_arm/7.2_2017q4/bin/../lib/gcc/arm-none-eabi/7.2.1/../../../../arm-none-eabi/lib/thumb/v7e-m/fpv4-sp/softfp\libc_nano.a(lib_a-exit.o)
 .data          0x00000000        0x0 c:/siliconlabs/simplicitystudio/v5/developer/toolchains/gnu_arm/7.2_2017q4/bin/../lib/gcc/arm-none-eabi/7.2.1/../../../../arm-none-eabi/lib/thumb/v7e-m/fpv4-sp/softfp\libc_nano.a(lib_a-exit.o)
 .bss           0x00000000        0x0 c:/siliconlabs/simplicitystudio/v5/developer/toolchains/gnu_arm/7.2_2017q4/bin/../lib/gcc/arm-none-eabi/7.2.1/../../../../arm-none-eabi/lib/thumb/v7e-m/fpv4-sp/softfp\libc_nano.a(lib_a-exit.o)
 .text          0x00000000        0x0 c:/siliconlabs/simplicitystudio/v5/developer/toolchains/gnu_arm/7.2_2017q4/bin/../lib/gcc/arm-none-eabi/7.2.1/../../../../arm-none-eabi/lib/thumb/v7e-m/fpv4-sp/softfp\libc_nano.a(lib_a-impure.o)
 .data          0x00000000        0x0 c:/siliconlabs/simplicitystudio/v5/developer/toolchains/gnu_arm/7.2_2017q4/bin/../lib/gcc/arm-none-eabi/7.2.1/../../../../arm-none-eabi/lib/thumb/v7e-m/fpv4-sp/softfp\libc_nano.a(lib_a-impure.o)
 .bss           0x00000000        0x0 c:/siliconlabs/simplicitystudio/v5/developer/toolchains/gnu_arm/7.2_2017q4/bin/../lib/gcc/arm-none-eabi/7.2.1/../../../../arm-none-eabi/lib/thumb/v7e-m/fpv4-sp/softfp\libc_nano.a(lib_a-impure.o)
 .data._impure_ptr
                0x00000000        0x4 c:/siliconlabs/simplicitystudio/v5/developer/toolchains/gnu_arm/7.2_2017q4/bin/../lib/gcc/arm-none-eabi/7.2.1/../../../../arm-none-eabi/lib/thumb/v7e-m/fpv4-sp/softfp\libc_nano.a(lib_a-impure.o)
 .text          0x00000000        0x0 c:/siliconlabs/simplicitystudio/v5/developer/toolchains/gnu_arm/7.2_2017q4/bin/../lib/gcc/arm-none-eabi/7.2.1/../../../../arm-none-eabi/lib/thumb/v7e-m/fpv4-sp/softfp\libc_nano.a(lib_a-init.o)
 .data          0x00000000        0x0 c:/siliconlabs/simplicitystudio/v5/developer/toolchains/gnu_arm/7.2_2017q4/bin/../lib/gcc/arm-none-eabi/7.2.1/../../../../arm-none-eabi/lib/thumb/v7e-m/fpv4-sp/softfp\libc_nano.a(lib_a-init.o)
 .bss           0x00000000        0x0 c:/siliconlabs/simplicitystudio/v5/developer/toolchains/gnu_arm/7.2_2017q4/bin/../lib/gcc/arm-none-eabi/7.2.1/../../../../arm-none-eabi/lib/thumb/v7e-m/fpv4-sp/softfp\libc_nano.a(lib_a-init.o)
 .text          0x00000000        0x0 c:/siliconlabs/simplicitystudio/v5/developer/toolchains/gnu_arm/7.2_2017q4/bin/../lib/gcc/arm-none-eabi/7.2.1/../../../../arm-none-eabi/lib/thumb/v7e-m/fpv4-sp/softfp\libc_nano.a(lib_a-memset.o)
 .data          0x00000000        0x0 c:/siliconlabs/simplicitystudio/v5/developer/toolchains/gnu_arm/7.2_2017q4/bin/../lib/gcc/arm-none-eabi/7.2.1/../../../../arm-none-eabi/lib/thumb/v7e-m/fpv4-sp/softfp\libc_nano.a(lib_a-memset.o)
 .bss           0x00000000        0x0 c:/siliconlabs/simplicitystudio/v5/developer/toolchains/gnu_arm/7.2_2017q4/bin/../lib/gcc/arm-none-eabi/7.2.1/../../../../arm-none-eabi/lib/thumb/v7e-m/fpv4-sp/softfp\libc_nano.a(lib_a-memset.o)
 .text          0x00000000        0x0 c:/siliconlabs/simplicitystudio/v5/developer/toolchains/gnu_arm/7.2_2017q4/bin/../lib/gcc/arm-none-eabi/7.2.1/../../../../arm-none-eabi/lib/thumb/v7e-m/fpv4-sp/softfp\libnosys.a(_exit.o)
 .data          0x00000000        0x0 c:/siliconlabs/simplicitystudio/v5/developer/toolchains/gnu_arm/7.2_2017q4/bin/../lib/gcc/arm-none-eabi/7.2.1/../../../../arm-none-eabi/lib/thumb/v7e-m/fpv4-sp/softfp\libnosys.a(_exit.o)
 .bss           0x00000000        0x0 c:/siliconlabs/simplicitystudio/v5/developer/toolchains/gnu_arm/7.2_2017q4/bin/../lib/gcc/arm-none-eabi/7.2.1/../../../../arm-none-eabi/lib/thumb/v7e-m/fpv4-sp/softfp\libnosys.a(_exit.o)
 .text          0x00000000        0x0 c:/siliconlabs/simplicitystudio/v5/developer/toolchains/gnu_arm/7.2_2017q4/bin/../lib/gcc/arm-none-eabi/7.2.1/thumb/v7e-m/fpv4-sp/softfp/crtend.o
 .data          0x00000000        0x0 c:/siliconlabs/simplicitystudio/v5/developer/toolchains/gnu_arm/7.2_2017q4/bin/../lib/gcc/arm-none-eabi/7.2.1/thumb/v7e-m/fpv4-sp/softfp/crtend.o
 .bss           0x00000000        0x0 c:/siliconlabs/simplicitystudio/v5/developer/toolchains/gnu_arm/7.2_2017q4/bin/../lib/gcc/arm-none-eabi/7.2.1/thumb/v7e-m/fpv4-sp/softfp/crtend.o
 .text          0x00000000        0x0 c:/siliconlabs/simplicitystudio/v5/developer/toolchains/gnu_arm/7.2_2017q4/bin/../lib/gcc/arm-none-eabi/7.2.1/thumb/v7e-m/fpv4-sp/softfp/crtn.o
 .data          0x00000000        0x0 c:/siliconlabs/simplicitystudio/v5/developer/toolchains/gnu_arm/7.2_2017q4/bin/../lib/gcc/arm-none-eabi/7.2.1/thumb/v7e-m/fpv4-sp/softfp/crtn.o
 .bss           0x00000000        0x0 c:/siliconlabs/simplicitystudio/v5/developer/toolchains/gnu_arm/7.2_2017q4/bin/../lib/gcc/arm-none-eabi/7.2.1/thumb/v7e-m/fpv4-sp/softfp/crtn.o

Memory Configuration

Name             Origin             Length             Attributes
FLASH            0x00000000         0x00100000         xr
RAM              0x20000000         0x00040000         xrw
*default*        0x00000000         0xffffffff

Linker script and memory map

LOAD c:/siliconlabs/simplicitystudio/v5/developer/toolchains/gnu_arm/7.2_2017q4/bin/../lib/gcc/arm-none-eabi/7.2.1/thumb/v7e-m/fpv4-sp/softfp/crti.o
LOAD c:/siliconlabs/simplicitystudio/v5/developer/toolchains/gnu_arm/7.2_2017q4/bin/../lib/gcc/arm-none-eabi/7.2.1/thumb/v7e-m/fpv4-sp/softfp/crtbegin.o
LOAD c:/siliconlabs/simplicitystudio/v5/developer/toolchains/gnu_arm/7.2_2017q4/bin/../lib/gcc/arm-none-eabi/7.2.1/../../../../arm-none-eabi/lib/thumb/v7e-m/fpv4-sp/softfp/crt0.o
LOAD ./CMSIS/EFM32PG12B/startup_gcc_efm32pg12b.o
LOAD ./CMSIS/EFM32PG12B/system_efm32pg12b.o
LOAD ./emlib/em_acmp.o
LOAD ./emlib/em_adc.o
LOAD ./emlib/em_aes.o
LOAD ./emlib/em_assert.o
LOAD ./emlib/em_burtc.o
LOAD ./emlib/em_can.o
LOAD ./emlib/em_cmu.o
LOAD ./emlib/em_cmu_fpga.o
LOAD ./emlib/em_core.o
LOAD ./emlib/em_cryotimer.o
LOAD ./emlib/em_crypto.o
LOAD ./emlib/em_csen.o
LOAD ./emlib/em_dac.o
LOAD ./emlib/em_dbg.o
LOAD ./emlib/em_dma.o
LOAD ./emlib/em_ebi.o
LOAD ./emlib/em_emu.o
LOAD ./emlib/em_eusart.o
LOAD ./emlib/em_gpcrc.o
LOAD ./emlib/em_gpio.o
LOAD ./emlib/em_i2c.o
LOAD ./emlib/em_iadc.o
LOAD ./emlib/em_idac.o
LOAD ./emlib/em_lcd.o
LOAD ./emlib/em_ldma.o
LOAD ./emlib/em_lesense.o
LOAD ./emlib/em_letimer.o
LOAD ./emlib/em_leuart.o
LOAD ./emlib/em_msc.o
LOAD ./emlib/em_opamp.o
LOAD ./emlib/em_pcnt.o
LOAD ./emlib/em_pdm.o
LOAD ./emlib/em_prs.o
LOAD ./emlib/em_qspi.o
LOAD ./emlib/em_rmu.o
LOAD ./emlib/em_rtc.o
LOAD ./emlib/em_rtcc.o
LOAD ./emlib/em_se.o
LOAD ./emlib/em_system.o
LOAD ./emlib/em_timer.o
LOAD ./emlib/em_usart.o
LOAD ./emlib/em_vcmp.o
LOAD ./emlib/em_vdac.o
LOAD ./emlib/em_wdog.o
LOAD ./src/Source_Files/HW_delay.o
LOAD ./src/Source_Files/Si7021.o
LOAD ./src/Source_Files/app.o
LOAD ./src/Source_Files/cmu.o
LOAD ./src/Source_Files/gpio.o
LOAD ./src/Source_Files/i2c.o
LOAD ./src/Source_Files/letimer.o
LOAD ./src/Source_Files/scheduler.o
LOAD ./src/Source_Files/sleep_routines.o
LOAD ./src/main.o
START GROUP
LOAD c:/siliconlabs/simplicitystudio/v5/developer/toolchains/gnu_arm/7.2_2017q4/bin/../lib/gcc/arm-none-eabi/7.2.1/thumb/v7e-m/fpv4-sp/softfp\libgcc.a
LOAD c:/siliconlabs/simplicitystudio/v5/developer/toolchains/gnu_arm/7.2_2017q4/bin/../lib/gcc/arm-none-eabi/7.2.1/../../../../arm-none-eabi/lib/thumb/v7e-m/fpv4-sp/softfp\libc_nano.a
LOAD c:/siliconlabs/simplicitystudio/v5/developer/toolchains/gnu_arm/7.2_2017q4/bin/../lib/gcc/arm-none-eabi/7.2.1/../../../../arm-none-eabi/lib/thumb/v7e-m/fpv4-sp/softfp\libnosys.a
END GROUP
START GROUP
LOAD c:/siliconlabs/simplicitystudio/v5/developer/toolchains/gnu_arm/7.2_2017q4/bin/../lib/gcc/arm-none-eabi/7.2.1/thumb/v7e-m/fpv4-sp/softfp\libgcc.a
LOAD c:/siliconlabs/simplicitystudio/v5/developer/toolchains/gnu_arm/7.2_2017q4/bin/../lib/gcc/arm-none-eabi/7.2.1/../../../../arm-none-eabi/lib/thumb/v7e-m/fpv4-sp/softfp\libc_nano.a
END GROUP
START GROUP
LOAD c:/siliconlabs/simplicitystudio/v5/developer/toolchains/gnu_arm/7.2_2017q4/bin/../lib/gcc/arm-none-eabi/7.2.1/thumb/v7e-m/fpv4-sp/softfp\libgcc.a
LOAD c:/siliconlabs/simplicitystudio/v5/developer/toolchains/gnu_arm/7.2_2017q4/bin/../lib/gcc/arm-none-eabi/7.2.1/../../../../arm-none-eabi/lib/thumb/v7e-m/fpv4-sp/softfp\libc_nano.a
END GROUP
LOAD c:/siliconlabs/simplicitystudio/v5/developer/toolchains/gnu_arm/7.2_2017q4/bin/../lib/gcc/arm-none-eabi/7.2.1/thumb/v7e-m/fpv4-sp/softfp/crtend.o
LOAD c:/siliconlabs/simplicitystudio/v5/developer/toolchains/gnu_arm/7.2_2017q4/bin/../lib/gcc/arm-none-eabi/7.2.1/thumb/v7e-m/fpv4-sp/softfp/crtn.o

.text           0x00000000     0x2728
 *(.vectors)
 .vectors       0x00000000      0x10c ./CMSIS/EFM32PG12B/startup_gcc_efm32pg12b.o
                0x00000000                __Vectors
                0x0000010c                __Vectors_End = .
                0x0000010c                __Vectors_Size = (__Vectors_End - __Vectors)
                0x0000010c                __end__ = .
 *(.text*)
 .text          0x0000010c       0x40 c:/siliconlabs/simplicitystudio/v5/developer/toolchains/gnu_arm/7.2_2017q4/bin/../lib/gcc/arm-none-eabi/7.2.1/thumb/v7e-m/fpv4-sp/softfp/crtbegin.o
 .text          0x0000014c       0x74 c:/siliconlabs/simplicitystudio/v5/developer/toolchains/gnu_arm/7.2_2017q4/bin/../lib/gcc/arm-none-eabi/7.2.1/../../../../arm-none-eabi/lib/thumb/v7e-m/fpv4-sp/softfp/crt0.o
                0x0000014c                _start
                0x0000014c                _mainCRTStartup
 .text          0x000001c0       0x30 ./CMSIS/EFM32PG12B/startup_gcc_efm32pg12b.o
                0x000001c0                Reset_Handler
                0x000001ec                USART0_TX_IRQHandler
                0x000001ec                HardFault_Handler
                0x000001ec                SysTick_Handler
                0x000001ec                USART1_RX_IRQHandler
                0x000001ec                PendSV_Handler
                0x000001ec                NMI_Handler
                0x000001ec                WTIMER0_IRQHandler
                0x000001ec                CRYPTO0_IRQHandler
                0x000001ec                WDOG0_IRQHandler
                0x000001ec                USART1_TX_IRQHandler
                0x000001ec                SMU_IRQHandler
                0x000001ec                MSC_IRQHandler
                0x000001ec                ADC0_IRQHandler
                0x000001ec                UsageFault_Handler
                0x000001ec                WDOG1_IRQHandler
                0x000001ec                LEUART0_IRQHandler
                0x000001ec                FPUEH_IRQHandler
                0x000001ec                WTIMER1_IRQHandler
                0x000001ec                VDAC0_IRQHandler
                0x000001ec                LDMA_IRQHandler
                0x000001ec                CSEN_IRQHandler
                0x000001ec                CRYPTO1_IRQHandler
                0x000001ec                TIMER0_IRQHandler
                0x000001ec                DebugMon_Handler
                0x000001ec                PCNT2_IRQHandler
                0x000001ec                TIMER1_IRQHandler
                0x000001ec                TRNG0_IRQHandler
                0x000001ec                USART2_RX_IRQHandler
                0x000001ec                Default_Handler
                0x000001ec                EMU_IRQHandler
                0x000001ec                CRYOTIMER_IRQHandler
                0x000001ec                PCNT0_IRQHandler
                0x000001ec                sl_app_properties
                0x000001ec                PCNT1_IRQHandler
                0x000001ec                ACMP0_IRQHandler
                0x000001ec                USART0_RX_IRQHandler
                0x000001ec                MemManage_Handler
                0x000001ec                SVC_Handler
                0x000001ec                USART3_RX_IRQHandler
                0x000001ec                RTCC_IRQHandler
                0x000001ec                CMU_IRQHandler
                0x000001ec                LESENSE_IRQHandler
                0x000001ec                USART3_TX_IRQHandler
                0x000001ec                BusFault_Handler
                0x000001ec                USART2_TX_IRQHandler
                0x000001ec                IDAC0_IRQHandler
 .text.SystemMaxCoreClockGet
                0x000001f0        0x8 ./CMSIS/EFM32PG12B/system_efm32pg12b.o
                0x000001f0                SystemMaxCoreClockGet
 .text.SystemHFClockGet
                0x000001f8       0x58 ./CMSIS/EFM32PG12B/system_efm32pg12b.o
                0x000001f8                SystemHFClockGet
 .text.SystemCoreClockGet
                0x00000250       0x24 ./CMSIS/EFM32PG12B/system_efm32pg12b.o
                0x00000250                SystemCoreClockGet
 .text.SystemHFXOClockGet
                0x00000274        0xc ./CMSIS/EFM32PG12B/system_efm32pg12b.o
                0x00000274                SystemHFXOClockGet
 .text.SystemInit
                0x00000280       0x1c ./CMSIS/EFM32PG12B/system_efm32pg12b.o
                0x00000280                SystemInit
 .text.SystemLFRCOClockGet
                0x0000029c        0x8 ./CMSIS/EFM32PG12B/system_efm32pg12b.o
                0x0000029c                SystemLFRCOClockGet
 .text.SystemULFRCOClockGet
                0x000002a4        0x8 ./CMSIS/EFM32PG12B/system_efm32pg12b.o
                0x000002a4                SystemULFRCOClockGet
 .text.SystemLFXOClockGet
                0x000002ac        0xc ./CMSIS/EFM32PG12B/system_efm32pg12b.o
                0x000002ac                SystemLFXOClockGet
 .text.flashWaitStateControl
                0x000002b8       0x5c ./emlib/em_cmu.o
 .text.CMU_HFRCODevinfoGet
                0x00000314       0xb4 ./emlib/em_cmu.o
 .text.flashWaitStateMax
                0x000003c8       0x24 ./emlib/em_cmu.o
 .text.CMU_OscillatorTuningSet.part.3
                0x000003ec       0x3c ./emlib/em_cmu.o
 .text.CMU_UpdateWaitStates
                0x00000428       0x1c ./emlib/em_cmu.o
                0x00000428                CMU_UpdateWaitStates
 .text.CMU_ClockEnable
                0x00000444       0x94 ./emlib/em_cmu.o
                0x00000444                CMU_ClockEnable
 .text.CMU_ClockPrescGet
                0x000004d8       0xf0 ./emlib/em_cmu.o
                0x000004d8                CMU_ClockPrescGet
 .text.CMU_ClockSelectGet
                0x000005c8       0xc4 ./emlib/em_cmu.o
                0x000005c8                CMU_ClockSelectGet
 .text.lfClkGet
                0x0000068c       0x94 ./emlib/em_cmu.o
 .text.CMU_ClockFreqGet
                0x00000720      0x1d4 ./emlib/em_cmu.o
                0x00000720                CMU_ClockFreqGet
 .text.CMU_HFRCOBandSet
                0x000008f4      0x180 ./emlib/em_cmu.o
                0x000008f4                CMU_HFRCOBandSet
 .text.CMU_OscillatorTuningWait
                0x00000a74       0x48 ./emlib/em_cmu.o
                0x00000a74                CMU_OscillatorTuningWait
 .text.CMU_OscillatorEnable
                0x00000abc      0x120 ./emlib/em_cmu.o
                0x00000abc                CMU_OscillatorEnable
 .text.CMU_ClockSelectSet
                0x00000bdc      0x2c0 ./emlib/em_cmu.o
                0x00000bdc                CMU_ClockSelectSet
 .text.CMU_HFXOInit
                0x00000e9c       0x7c ./emlib/em_cmu.o
                0x00000e9c                CMU_HFXOInit
 .text.CORE_EnterCritical
                0x00000f18        0x8 ./emlib/em_core.o
                0x00000f18                CORE_EnterCritical
 .text.CORE_ExitCritical
                0x00000f20        0x8 ./emlib/em_core.o
                0x00000f20                CORE_ExitCritical
 .text.lpGetDevinfoVrefLowHigh
                0x00000f28       0xdc ./emlib/em_emu.o
 .text.vScaleAfterWakeup.part.2
                0x00001004       0x20 ./emlib/em_emu.o
 .text.lpCmpHystCalibrationLoad.isra.3
                0x00001024       0x60 ./emlib/em_emu.o
 .text.vScaleDownEM23Setup
                0x00001084       0x48 ./emlib/em_emu.o
 .text.emState.constprop.8
                0x000010cc       0x60 ./emlib/em_emu.o
 .text.emState.part.4
                0x0000112c       0xe0 ./emlib/em_emu.o
 .text.EMU_EM23PresleepHook
                0x0000120c        0x4 ./emlib/em_emu.o
                0x0000120c                EMU_EM23PresleepHook
 .text.EMU_EM23PostsleepHook
                0x00001210        0x4 ./emlib/em_emu.o
                0x00001210                EMU_EM23PostsleepHook
 .text.EMU_EnterEM2
                0x00001214       0x78 ./emlib/em_emu.o
                0x00001214                EMU_EnterEM2
 .text.EMU_EnterEM3
                0x0000128c       0x9c ./emlib/em_emu.o
                0x0000128c                EMU_EnterEM3
 .text.EMU_VScaleEM01
                0x00001328       0xa4 ./emlib/em_emu.o
                0x00001328                EMU_VScaleEM01
 .text.EMU_VScaleEM01ByClock.part.6
                0x000013cc       0x5c ./emlib/em_emu.o
 .text.EMU_VScaleEM01ByClock
                0x00001428       0x14 ./emlib/em_emu.o
                0x00001428                EMU_VScaleEM01ByClock
 .text.EMU_EM23Init
                0x0000143c       0x24 ./emlib/em_emu.o
                0x0000143c                EMU_EM23Init
 .text.EMU_DCDCModeSet
                0x00001460       0x9c ./emlib/em_emu.o
                0x00001460                EMU_DCDCModeSet
 .text.EMU_DCDCOutputVoltageSet
                0x000014fc      0x16c ./emlib/em_emu.o
                0x000014fc                EMU_DCDCOutputVoltageSet
 .text.EMU_DCDCOptimizeSlice
                0x00001668       0xf8 ./emlib/em_emu.o
                0x00001668                EMU_DCDCOptimizeSlice
 .text.EMU_DCDCInit
                0x00001760      0x124 ./emlib/em_emu.o
                0x00001760                EMU_DCDCInit
 .text.GPIO_DriveStrengthSet
                0x00001884       0x2c ./emlib/em_gpio.o
                0x00001884                GPIO_DriveStrengthSet
 .text.GPIO_ExtIntConfig
                0x000018b0       0xc8 ./emlib/em_gpio.o
                0x000018b0                GPIO_ExtIntConfig
 .text.GPIO_PinModeSet
                0x00001978       0x94 ./emlib/em_gpio.o
                0x00001978                GPIO_PinModeSet
 .text.I2C_BusFreqSet.part.0
                0x00001a0c       0x8c ./emlib/em_i2c.o
 .text.I2C_Init
                0x00001a98       0x38 ./emlib/em_i2c.o
                0x00001a98                I2C_Init
 .text.LETIMER_Enable
                0x00001ad0       0x14 ./emlib/em_letimer.o
                0x00001ad0                LETIMER_Enable
 .text.LETIMER_Init
                0x00001ae4       0x80 ./emlib/em_letimer.o
                0x00001ae4                LETIMER_Init
 .text.TIMER_Init
                0x00001b64       0x9c ./emlib/em_timer.o
                0x00001b64                TIMER_Init
 .text.timer_delay
                0x00001c00       0x74 ./src/Source_Files/HW_delay.o
                0x00001c00                timer_delay
 .text.si7021_i2c_open
                0x00001c74       0x48 ./src/Source_Files/Si7021.o
                0x00001c74                si7021_i2c_open
 .text.si7021_read
                0x00001cbc       0x28 ./src/Source_Files/Si7021.o
                0x00001cbc                si7021_read
 .text.si7021_read_convert
                0x00001ce4       0x1c ./src/Source_Files/Si7021.o
                0x00001ce4                si7021_read_convert
 .text.app_peripheral_setup
                0x00001d00       0x78 ./src/Source_Files/app.o
                0x00001d00                app_peripheral_setup
 .text.scheduled_letimer0_uf_cb
                0x00001d78        0x8 ./src/Source_Files/app.o
                0x00001d78                scheduled_letimer0_uf_cb
 .text.scheduled_letimer0_comp1_cb
                0x00001d80        0x4 ./src/Source_Files/app.o
                0x00001d80                scheduled_letimer0_comp1_cb
 .text.scheduled_letimer0_comp0_cb
                0x00001d84        0x4 ./src/Source_Files/app.o
                0x00001d84                scheduled_letimer0_comp0_cb
 .text.scheduled_si7021_read_cb
                0x00001d88       0x20 ./src/Source_Files/app.o
                0x00001d88                scheduled_si7021_read_cb
 .text.cmu_open
                0x00001da8       0x40 ./src/Source_Files/cmu.o
                0x00001da8                cmu_open
 .text.gpio_open
                0x00001de8       0xb8 ./src/Source_Files/gpio.o
                0x00001de8                gpio_open
 .text.GPIO_ODD_IRQHandler
                0x00001ea0       0x1c ./src/Source_Files/gpio.o
                0x00001ea0                GPIO_ODD_IRQHandler
 .text.GPIO_EVEN_IRQHandler
                0x00001ebc       0x1c ./src/Source_Files/gpio.o
                0x00001ebc                GPIO_EVEN_IRQHandler
 .text.i2c_rxstate.part.3
                0x00001ed8       0x38 ./src/Source_Files/i2c.o
 .text.i2c_mstop.part.4
                0x00001f10       0x1c ./src/Source_Files/i2c.o
 .text.i2c_open
                0x00001f2c       0xc0 ./src/Source_Files/i2c.o
                0x00001f2c                i2c_open
 .text.i2c_start
                0x00001fec       0xb4 ./src/Source_Files/i2c.o
                0x00001fec                i2c_start
 .text.i2c_ack  0x000020a0       0x48 ./src/Source_Files/i2c.o
                0x000020a0                i2c_ack
 .text.I2C0_IRQHandler
                0x000020e8       0x6c ./src/Source_Files/i2c.o
                0x000020e8                I2C0_IRQHandler
 .text.I2C1_IRQHandler
                0x00002154       0x6c ./src/Source_Files/i2c.o
                0x00002154                I2C1_IRQHandler
 .text.LETIMER0_IRQHandler
                0x000021c0       0x54 ./src/Source_Files/letimer.o
                0x000021c0                LETIMER0_IRQHandler
 .text.letimer_start
                0x00002214       0x64 ./src/Source_Files/letimer.o
                0x00002214                letimer_start
 .text.letimer_pwm_open
                0x00002278      0x12c ./src/Source_Files/letimer.o
                0x00002278                letimer_pwm_open
 .text.scheduler_open
                0x000023a4       0x18 ./src/Source_Files/scheduler.o
                0x000023a4                scheduler_open
 .text.add_scheduled_event
                0x000023bc       0x1c ./src/Source_Files/scheduler.o
                0x000023bc                add_scheduled_event
 .text.remove_scheduled_event
                0x000023d8       0x20 ./src/Source_Files/scheduler.o
                0x000023d8                remove_scheduled_event
 .text.get_scheduled_events
                0x000023f8        0xc ./src/Source_Files/scheduler.o
                0x000023f8                get_scheduled_events
 .text.sleep_open
                0x00002404       0x20 ./src/Source_Files/sleep_routines.o
                0x00002404                sleep_open
 .text.sleep_block_mode
                0x00002424       0x20 ./src/Source_Files/sleep_routines.o
                0x00002424                sleep_block_mode
 .text.sleep_unblock_mode
                0x00002444       0x20 ./src/Source_Files/sleep_routines.o
                0x00002444                sleep_unblock_mode
 .text.enter_sleep
                0x00002464       0x54 ./src/Source_Files/sleep_routines.o
                0x00002464                enter_sleep
 .text.startup.main
                0x000024b8      0x164 ./src/main.o
                0x000024b8                main
 .text.exit     0x0000261c       0x28 c:/siliconlabs/simplicitystudio/v5/developer/toolchains/gnu_arm/7.2_2017q4/bin/../lib/gcc/arm-none-eabi/7.2.1/../../../../arm-none-eabi/lib/thumb/v7e-m/fpv4-sp/softfp\libc_nano.a(lib_a-exit.o)
                0x0000261c                exit
 .text.__libc_init_array
                0x00002644       0x48 c:/siliconlabs/simplicitystudio/v5/developer/toolchains/gnu_arm/7.2_2017q4/bin/../lib/gcc/arm-none-eabi/7.2.1/../../../../arm-none-eabi/lib/thumb/v7e-m/fpv4-sp/softfp\libc_nano.a(lib_a-init.o)
                0x00002644                __libc_init_array
 .text.memset   0x0000268c       0x10 c:/siliconlabs/simplicitystudio/v5/developer/toolchains/gnu_arm/7.2_2017q4/bin/../lib/gcc/arm-none-eabi/7.2.1/../../../../arm-none-eabi/lib/thumb/v7e-m/fpv4-sp/softfp\libc_nano.a(lib_a-memset.o)
                0x0000268c                memset
 .text._exit    0x0000269c        0x4 c:/siliconlabs/simplicitystudio/v5/developer/toolchains/gnu_arm/7.2_2017q4/bin/../lib/gcc/arm-none-eabi/7.2.1/../../../../arm-none-eabi/lib/thumb/v7e-m/fpv4-sp/softfp\libnosys.a(_exit.o)
                0x0000269c                _exit
 *(.init)
 .init          0x000026a0        0x4 c:/siliconlabs/simplicitystudio/v5/developer/toolchains/gnu_arm/7.2_2017q4/bin/../lib/gcc/arm-none-eabi/7.2.1/thumb/v7e-m/fpv4-sp/softfp/crti.o
                0x000026a0                _init
 .init          0x000026a4        0x8 c:/siliconlabs/simplicitystudio/v5/developer/toolchains/gnu_arm/7.2_2017q4/bin/../lib/gcc/arm-none-eabi/7.2.1/thumb/v7e-m/fpv4-sp/softfp/crtn.o
 *(.fini)
 .fini          0x000026ac        0x4 c:/siliconlabs/simplicitystudio/v5/developer/toolchains/gnu_arm/7.2_2017q4/bin/../lib/gcc/arm-none-eabi/7.2.1/thumb/v7e-m/fpv4-sp/softfp/crti.o
                0x000026ac                _fini
 .fini          0x000026b0        0x8 c:/siliconlabs/simplicitystudio/v5/developer/toolchains/gnu_arm/7.2_2017q4/bin/../lib/gcc/arm-none-eabi/7.2.1/thumb/v7e-m/fpv4-sp/softfp/crtn.o
 .fini.__stub   0x000026b8        0x8 linker stubs
 *crtbegin.o(.ctors)
 *crtbegin?.o(.ctors)
 *(EXCLUDE_FILE(*crtend.o *crtend?.o) .ctors)
 *(SORT_BY_NAME(.ctors.*))
 *(.ctors)
 *crtbegin.o(.dtors)
 *crtbegin?.o(.dtors)
 *(EXCLUDE_FILE(*crtend.o *crtend?.o) .dtors)
 *(SORT_BY_NAME(.dtors.*))
 *(.dtors)
 *(.rodata*)
 .rodata.CSWTCH.47
                0x000026c0        0x6 ./emlib/em_cmu.o
 *fill*         0x000026c6        0x2 
 .rodata.CSWTCH.48
                0x000026c8        0x4 ./emlib/em_cmu.o
 .rodata.CSWTCH.49
                0x000026cc        0x4 ./emlib/em_cmu.o
 .rodata.flashWsTable
                0x000026d0       0x28 ./emlib/em_cmu.o
 .rodata.i2cNSum
                0x000026f8        0x4 ./emlib/em_i2c.o
 .rodata        0x000026fc       0x22 ./src/main.o
 *fill*         0x0000271e        0x2 
 .rodata._global_impure_ptr
                0x00002720        0x4 c:/siliconlabs/simplicitystudio/v5/developer/toolchains/gnu_arm/7.2_2017q4/bin/../lib/gcc/arm-none-eabi/7.2.1/../../../../arm-none-eabi/lib/thumb/v7e-m/fpv4-sp/softfp\libc_nano.a(lib_a-impure.o)
                0x00002720                _global_impure_ptr
 *(.eh_frame*)
 .eh_frame      0x00002724        0x0 c:/siliconlabs/simplicitystudio/v5/developer/toolchains/gnu_arm/7.2_2017q4/bin/../lib/gcc/arm-none-eabi/7.2.1/thumb/v7e-m/fpv4-sp/softfp/crtbegin.o
 .eh_frame      0x00002724        0x4 c:/siliconlabs/simplicitystudio/v5/developer/toolchains/gnu_arm/7.2_2017q4/bin/../lib/gcc/arm-none-eabi/7.2.1/thumb/v7e-m/fpv4-sp/softfp/crtend.o

.glue_7         0x00002728        0x0
 .glue_7        0x00002728        0x0 linker stubs

.glue_7t        0x00002728        0x0
 .glue_7t       0x00002728        0x0 linker stubs

.vfp11_veneer   0x00002728        0x0
 .vfp11_veneer  0x00002728        0x0 linker stubs

.v4_bx          0x00002728        0x0
 .v4_bx         0x00002728        0x0 linker stubs

.iplt           0x00002728        0x0
 .iplt          0x00002728        0x0 c:/siliconlabs/simplicitystudio/v5/developer/toolchains/gnu_arm/7.2_2017q4/bin/../lib/gcc/arm-none-eabi/7.2.1/thumb/v7e-m/fpv4-sp/softfp/crtbegin.o

.ARM.extab
 *(.ARM.extab* .gnu.linkonce.armextab.*)
                0x00002728                __exidx_start = .

.ARM.exidx      0x00002728        0x8
 *(.ARM.exidx* .gnu.linkonce.armexidx.*)
 .ARM.exidx     0x00002728        0x8 c:/siliconlabs/simplicitystudio/v5/developer/toolchains/gnu_arm/7.2_2017q4/bin/../lib/gcc/arm-none-eabi/7.2.1/../../../../arm-none-eabi/lib/thumb/v7e-m/fpv4-sp/softfp/crt0.o
                0x00002730                __exidx_end = .
                0x00002730                __etext = .

.rel.dyn        0x00002730        0x0
 .rel.iplt      0x00002730        0x0 c:/siliconlabs/simplicitystudio/v5/developer/toolchains/gnu_arm/7.2_2017q4/bin/../lib/gcc/arm-none-eabi/7.2.1/thumb/v7e-m/fpv4-sp/softfp/crtbegin.o

.data           0x20000000       0x90 load address 0x00002730
                0x20000000                __data_start__ = .
 *(vtable)
 *(.data*)
 .data.SystemCoreClock
                0x20000000        0x4 ./CMSIS/EFM32PG12B/system_efm32pg12b.o
                0x20000000                SystemCoreClock
 .data.SystemHFXOClock
                0x20000004        0x4 ./CMSIS/EFM32PG12B/system_efm32pg12b.o
 .data.SystemHfrcoFreq
                0x20000008        0x4 ./CMSIS/EFM32PG12B/system_efm32pg12b.o
                0x20000008                SystemHfrcoFreq
 .data.SystemLFXOClock
                0x2000000c        0x4 ./CMSIS/EFM32PG12B/system_efm32pg12b.o
 .data.auxHfrcoFreq
                0x20000010        0x4 ./emlib/em_cmu.o
 .data.impure_data
                0x20000014       0x60 c:/siliconlabs/simplicitystudio/v5/developer/toolchains/gnu_arm/7.2_2017q4/bin/../lib/gcc/arm-none-eabi/7.2.1/../../../../arm-none-eabi/lib/thumb/v7e-m/fpv4-sp/softfp\libc_nano.a(lib_a-impure.o)
                0x20000074                . = ALIGN (0x4)
 *(.ram)
 .ram           0x20000074       0x14 ./emlib/em_emu.o
                0x20000088                . = ALIGN (0x4)
                0x20000088                PROVIDE (__preinit_array_start, .)
 *(.preinit_array)
                0x20000088                PROVIDE (__preinit_array_end, .)
                0x20000088                . = ALIGN (0x4)
                0x20000088                PROVIDE (__init_array_start, .)
 *(SORT_BY_NAME(.init_array.*))
 *(.init_array)
 .init_array    0x20000088        0x4 c:/siliconlabs/simplicitystudio/v5/developer/toolchains/gnu_arm/7.2_2017q4/bin/../lib/gcc/arm-none-eabi/7.2.1/thumb/v7e-m/fpv4-sp/softfp/crtbegin.o
                0x2000008c                PROVIDE (__init_array_end, .)
                0x2000008c                . = ALIGN (0x4)
                [!provide]                PROVIDE (__fini_array_start, .)
 *(SORT_BY_NAME(.fini_array.*))
 *(.fini_array)
 .fini_array    0x2000008c        0x4 c:/siliconlabs/simplicitystudio/v5/developer/toolchains/gnu_arm/7.2_2017q4/bin/../lib/gcc/arm-none-eabi/7.2.1/thumb/v7e-m/fpv4-sp/softfp/crtbegin.o
                [!provide]                PROVIDE (__fini_array_end, .)
 *(.jcr*)
                0x20000090                . = ALIGN (0x4)
                0x20000090                __data_end__ = .

.igot.plt       0x20000090        0x0 load address 0x000027c0
 .igot.plt      0x20000090        0x0 c:/siliconlabs/simplicitystudio/v5/developer/toolchains/gnu_arm/7.2_2017q4/bin/../lib/gcc/arm-none-eabi/7.2.1/thumb/v7e-m/fpv4-sp/softfp/crtbegin.o

.bss            0x20000090       0x98 load address 0x000027c0
                0x20000090                . = ALIGN (0x4)
                0x20000090                __bss_start__ = .
 *(.bss*)
 .bss           0x20000090       0x1c c:/siliconlabs/simplicitystudio/v5/developer/toolchains/gnu_arm/7.2_2017q4/bin/../lib/gcc/arm-none-eabi/7.2.1/thumb/v7e-m/fpv4-sp/softfp/crtbegin.o
 .bss.cmuStatus.8193
                0x200000ac        0x4 ./emlib/em_emu.o
 .bss.dcdcEm01LoadCurrent_mA
                0x200000b0        0x2 ./emlib/em_emu.o
 .bss.dcdcMaxCurrent_mA
                0x200000b2        0x2 ./emlib/em_emu.o
 .bss.dcdcReverseCurrentControl
                0x200000b4        0x2 ./emlib/em_emu.o
 .bss.hfClock.8194
                0x200000b6        0x1 ./emlib/em_emu.o
 *fill*         0x200000b7        0x1 
 .bss.hfrcoCtrl.8196
                0x200000b8        0x4 ./emlib/em_emu.o
 .bss.vScaleEM01Config
                0x200000bc        0x1 ./emlib/em_emu.o
 .bss.vScaleStatus.8195
                0x200000bd        0x1 ./emlib/em_emu.o
 *fill*         0x200000be        0x2 
 .bss.read_result
                0x200000c0        0x4 ./src/Source_Files/Si7021.o
 .bss.i2c0_state_machine
                0x200000c4       0x20 ./src/Source_Files/i2c.o
 .bss.i2c1_state_machine
                0x200000e4       0x20 ./src/Source_Files/i2c.o
 .bss.scheduled_comp0_cb
                0x20000104        0x4 ./src/Source_Files/letimer.o
 .bss.scheduled_comp1_cb
                0x20000108        0x4 ./src/Source_Files/letimer.o
 .bss.scheduled_uf_cb
                0x2000010c        0x4 ./src/Source_Files/letimer.o
 .bss.event_scheduled
                0x20000110        0x4 ./src/Source_Files/scheduler.o
 .bss.lowest_energy_mode
                0x20000114       0x14 ./src/Source_Files/sleep_routines.o
 *(COMMON)
                0x20000128                . = ALIGN (0x4)
                0x20000128                __bss_end__ = .

.heap           0x20000128      0xc00
                0x20000128                __HeapBase = .
                0x20000128                __end__ = .
                0x20000128                end = __end__
                0x20000128                _end = __end__
 *(.heap*)
 .heap          0x20000128      0xc00 ./CMSIS/EFM32PG12B/startup_gcc_efm32pg12b.o
                0x20000d28                __HeapLimit = .

.stack_dummy    0x20000128      0x400
 *(.stack*)
 .stack         0x20000128      0x400 ./CMSIS/EFM32PG12B/startup_gcc_efm32pg12b.o
                0x20040000                __StackTop = (ORIGIN (RAM) + LENGTH (RAM))
                0x2003fc00                __StackLimit = (__StackTop - SIZEOF (.stack_dummy))
                0x20040000                PROVIDE (__stack, __StackTop)
                0x00000001                ASSERT ((__StackLimit >= __HeapLimit), region RAM overflowed with stack)
                0x00000001                ASSERT ((LENGTH (FLASH) >= (__etext + SIZEOF (.data))), FLASH memory overflowed !)
OUTPUT(MS_I2C_Lab_5.axf elf32-littlearm)

.ARM.attributes
                0x00000000       0x2e
 .ARM.attributes
                0x00000000       0x22 c:/siliconlabs/simplicitystudio/v5/developer/toolchains/gnu_arm/7.2_2017q4/bin/../lib/gcc/arm-none-eabi/7.2.1/thumb/v7e-m/fpv4-sp/softfp/crti.o
 .ARM.attributes
                0x00000022       0x32 c:/siliconlabs/simplicitystudio/v5/developer/toolchains/gnu_arm/7.2_2017q4/bin/../lib/gcc/arm-none-eabi/7.2.1/thumb/v7e-m/fpv4-sp/softfp/crtbegin.o
 .ARM.attributes
                0x00000054       0x20 c:/siliconlabs/simplicitystudio/v5/developer/toolchains/gnu_arm/7.2_2017q4/bin/../lib/gcc/arm-none-eabi/7.2.1/../../../../arm-none-eabi/lib/thumb/v7e-m/fpv4-sp/softfp/crt0.o
 .ARM.attributes
                0x00000074       0x1f ./CMSIS/EFM32PG12B/startup_gcc_efm32pg12b.o
 .ARM.attributes
                0x00000093       0x37 ./CMSIS/EFM32PG12B/system_efm32pg12b.o
 .ARM.attributes
                0x000000ca       0x37 ./emlib/em_cmu.o
 .ARM.attributes
                0x00000101       0x37 ./emlib/em_core.o
 .ARM.attributes
                0x00000138       0x37 ./emlib/em_emu.o
 .ARM.attributes
                0x0000016f       0x37 ./emlib/em_gpio.o
 .ARM.attributes
                0x000001a6       0x37 ./emlib/em_i2c.o
 .ARM.attributes
                0x000001dd       0x37 ./emlib/em_letimer.o
 .ARM.attributes
                0x00000214       0x37 ./emlib/em_timer.o
 .ARM.attributes
                0x0000024b       0x37 ./src/Source_Files/HW_delay.o
 .ARM.attributes
                0x00000282       0x37 ./src/Source_Files/Si7021.o
 .ARM.attributes
                0x000002b9       0x37 ./src/Source_Files/app.o
 .ARM.attributes
                0x000002f0       0x37 ./src/Source_Files/cmu.o
 .ARM.attributes
                0x00000327       0x37 ./src/Source_Files/gpio.o
 .ARM.attributes
                0x0000035e       0x37 ./src/Source_Files/i2c.o
 .ARM.attributes
                0x00000395       0x37 ./src/Source_Files/letimer.o
 .ARM.attributes
                0x000003cc       0x37 ./src/Source_Files/scheduler.o
 .ARM.attributes
                0x00000403       0x37 ./src/Source_Files/sleep_routines.o
 .ARM.attributes
                0x0000043a       0x37 ./src/main.o
 .ARM.attributes
                0x00000471       0x32 c:/siliconlabs/simplicitystudio/v5/developer/toolchains/gnu_arm/7.2_2017q4/bin/../lib/gcc/arm-none-eabi/7.2.1/../../../../arm-none-eabi/lib/thumb/v7e-m/fpv4-sp/softfp\libc_nano.a(lib_a-exit.o)
 .ARM.attributes
                0x000004a3       0x32 c:/siliconlabs/simplicitystudio/v5/developer/toolchains/gnu_arm/7.2_2017q4/bin/../lib/gcc/arm-none-eabi/7.2.1/../../../../arm-none-eabi/lib/thumb/v7e-m/fpv4-sp/softfp\libc_nano.a(lib_a-impure.o)
 .ARM.attributes
                0x000004d5       0x32 c:/siliconlabs/simplicitystudio/v5/developer/toolchains/gnu_arm/7.2_2017q4/bin/../lib/gcc/arm-none-eabi/7.2.1/../../../../arm-none-eabi/lib/thumb/v7e-m/fpv4-sp/softfp\libc_nano.a(lib_a-init.o)
 .ARM.attributes
                0x00000507       0x32 c:/siliconlabs/simplicitystudio/v5/developer/toolchains/gnu_arm/7.2_2017q4/bin/../lib/gcc/arm-none-eabi/7.2.1/../../../../arm-none-eabi/lib/thumb/v7e-m/fpv4-sp/softfp\libc_nano.a(lib_a-memset.o)
 .ARM.attributes
                0x00000539       0x32 c:/siliconlabs/simplicitystudio/v5/developer/toolchains/gnu_arm/7.2_2017q4/bin/../lib/gcc/arm-none-eabi/7.2.1/../../../../arm-none-eabi/lib/thumb/v7e-m/fpv4-sp/softfp\libnosys.a(_exit.o)
 .ARM.attributes
                0x0000056b       0x32 c:/siliconlabs/simplicitystudio/v5/developer/toolchains/gnu_arm/7.2_2017q4/bin/../lib/gcc/arm-none-eabi/7.2.1/thumb/v7e-m/fpv4-sp/softfp/crtend.o
 .ARM.attributes
                0x0000059d       0x22 c:/siliconlabs/simplicitystudio/v5/developer/toolchains/gnu_arm/7.2_2017q4/bin/../lib/gcc/arm-none-eabi/7.2.1/thumb/v7e-m/fpv4-sp/softfp/crtn.o

.comment        0x00000000       0x7e
 .comment       0x00000000       0x7e ./CMSIS/EFM32PG12B/system_efm32pg12b.o
                                 0x7f (size before relaxing)
 .comment       0x0000007e       0x7f ./emlib/em_cmu.o
 .comment       0x0000007e       0x7f ./emlib/em_core.o
 .comment       0x0000007e       0x7f ./emlib/em_emu.o
 .comment       0x0000007e       0x7f ./emlib/em_gpio.o
 .comment       0x0000007e       0x7f ./emlib/em_i2c.o
 .comment       0x0000007e       0x7f ./emlib/em_letimer.o
 .comment       0x0000007e       0x7f ./emlib/em_timer.o
 .comment       0x0000007e       0x7f ./src/Source_Files/HW_delay.o
 .comment       0x0000007e       0x7f ./src/Source_Files/Si7021.o
 .comment       0x0000007e       0x7f ./src/Source_Files/app.o
 .comment       0x0000007e       0x7f ./src/Source_Files/cmu.o
 .comment       0x0000007e       0x7f ./src/Source_Files/gpio.o
 .comment       0x0000007e       0x7f ./src/Source_Files/i2c.o
 .comment       0x0000007e       0x7f ./src/Source_Files/letimer.o
 .comment       0x0000007e       0x7f ./src/Source_Files/scheduler.o
 .comment       0x0000007e       0x7f ./src/Source_Files/sleep_routines.o
 .comment       0x0000007e       0x7f ./src/main.o

.debug_frame    0x00000000       0x94
 .debug_frame   0x00000000       0x28 c:/siliconlabs/simplicitystudio/v5/developer/toolchains/gnu_arm/7.2_2017q4/bin/../lib/gcc/arm-none-eabi/7.2.1/../../../../arm-none-eabi/lib/thumb/v7e-m/fpv4-sp/softfp\libc_nano.a(lib_a-exit.o)
 .debug_frame   0x00000028       0x2c c:/siliconlabs/simplicitystudio/v5/developer/toolchains/gnu_arm/7.2_2017q4/bin/../lib/gcc/arm-none-eabi/7.2.1/../../../../arm-none-eabi/lib/thumb/v7e-m/fpv4-sp/softfp\libc_nano.a(lib_a-init.o)
 .debug_frame   0x00000054       0x20 c:/siliconlabs/simplicitystudio/v5/developer/toolchains/gnu_arm/7.2_2017q4/bin/../lib/gcc/arm-none-eabi/7.2.1/../../../../arm-none-eabi/lib/thumb/v7e-m/fpv4-sp/softfp\libc_nano.a(lib_a-memset.o)
 .debug_frame   0x00000074       0x20 c:/siliconlabs/simplicitystudio/v5/developer/toolchains/gnu_arm/7.2_2017q4/bin/../lib/gcc/arm-none-eabi/7.2.1/../../../../arm-none-eabi/lib/thumb/v7e-m/fpv4-sp/softfp\libnosys.a(_exit.o)
